#
# There is insufficient memory for the Java Runtime Environment to continue.
# Native memory allocation (mmap) failed to map 134217728 bytes. Error detail: G1 virtual space
# Possible reasons:
#   The system is out of physical RAM or swap space
#   This process is running with CompressedOops enabled, and the Java Heap may be blocking the growth of the native heap
# Possible solutions:
#   Reduce memory load on the system
#   Increase physical memory or swap space
#   Check if swap backing store is full
#   Decrease Java heap size (-Xmx/-Xms)
#   Decrease number of Java threads
#   Decrease Java thread stack sizes (-Xss)
#   Set larger code cache with -XX:ReservedCodeCacheSize=
#   JVM is running with Unscaled Compressed Oops mode in which the Java heap is
#     placed in the first 4GB address space. The Java Heap base address is the
#     maximum limit for the native heap growth. Please use -XX:HeapBaseMinAddress
#     to set the Java Heap base and to place the Java Heap above 4GB virtual address.
# This output file may be truncated or incomplete.
#
#  Out of Memory Error (os_windows.cpp:3737), pid=38372, tid=28848
#
# JRE version:  (21.0.10+7) (build )
# Java VM: OpenJDK 64-Bit Server VM (21.0.10+7-LTS, mixed mode, emulated-client, sharing, tiered, compressed oops, compressed class ptrs, g1 gc, windows-amd64)
# No core dump will be written. Minidumps are not enabled by default on client versions of Windows
#

---------------  S U M M A R Y ------------

Command Line: -XX:TieredStopAtLevel=1 -Dspring.output.ansi.enabled=always -Dcom.sun.management.jmxremote -Dspring.jmx.enabled=true -Dspring.liveBeansView.mbeanDomain -Dspring.application.admin.enabled=true -Dmanagement.endpoints.jmx.exposure.include=* -javaagent:C:\Program Files\JetBrains\IntelliJ IDEA 2025.2.4\lib\idea_rt.jar=56266 -Dfile.encoding=UTF-8 -Dsun.stdout.encoding=UTF-8 -Dsun.stderr.encoding=UTF-8 com.example.comicworm.ComicwormApplication

Host: Intel(R) Core(TM) i7-5600U CPU @ 2.60GHz, 4 cores, 7G,  Windows 10 , 64 bit Build 17763 (10.0.17763.4720)
Time: Wed Oct  7 21:59:24 2026 SE Asia Standard Time elapsed time: 0.028092 seconds (0d 0h 0m 0s)

---------------  T H R E A D  ---------------

Current thread (0x000001be10ec33f0):  JavaThread "Unknown thread" [_thread_in_vm, id=28848, stack(0x00000087e3a00000,0x00000087e3b00000) (1024K)]

Stack: [0x00000087e3a00000,0x00000087e3b00000]
Native frames: (J=compiled Java code, j=interpreted, Vv=VM code, C=native code)
V  [jvm.dll+0x6dfe69]  (no source info available)
V  [jvm.dll+0x8bfe4b]  (no source info available)
V  [jvm.dll+0x8c23da]  (no source info available)
V  [jvm.dll+0x8c2ab3]  (no source info available)
V  [jvm.dll+0x28a9e6]  (no source info available)
V  [jvm.dll+0x6df315]  (no source info available)
V  [jvm.dll+0x6d325a]  (no source info available)
V  [jvm.dll+0x367a0e]  (no source info available)
V  [jvm.dll+0x36f8db]  (no source info available)
V  [jvm.dll+0x3c13a9]  (no source info available)
V  [jvm.dll+0x3c164b]  (no source info available)
V  [jvm.dll+0x33b2c7]  (no source info available)
V  [jvm.dll+0x33be0b]  (no source info available)
V  [jvm.dll+0x88a37e]  (no source info available)
V  [jvm.dll+0x3ce301]  (no source info available)
V  [jvm.dll+0x87328c]  (no source info available)
V  [jvm.dll+0x461f31]  (no source info available)
V  [jvm.dll+0x463b71]  (no source info available)
C  [jli.dll+0x52f0]  (no source info available)
C  [ucrtbase.dll+0x2268a]  (no source info available)
C  [KERNEL32.DLL+0x17ac4]  (no source info available)
C  [ntdll.dll+0x5a351]  (no source info available)


---------------  P R O C E S S  ---------------

Threads class SMR info:
_java_thread_list=0x00007ffbd9ae7288, length=0, elements={
}

Java Threads: ( => current thread )
Total: 0

Other Threads:
  0x000001be12ec9d20 WorkerThread "GC Thread#0"                     [id=15356, stack(0x00000087e3b00000,0x00000087e3c00000) (1024K)]
  0x000001be12edab00 ConcurrentGCThread "G1 Main Marker"            [id=36700, stack(0x00000087e3c00000,0x00000087e3d00000) (1024K)]
  0x000001be12edc5a0 WorkerThread "G1 Conc#0"                       [id=26860, stack(0x00000087e3d00000,0x00000087e3e00000) (1024K)]

[error occurred during error reporting (printing all threads), id 0xc0000005, EXCEPTION_ACCESS_VIOLATION (0xc0000005) at pc=0x00007ffbd91ddd87]
VM state: not at safepoint (not fully initialized)

VM Mutex/Monitor currently owned by a thread:  ([mutex/lock_event])
[0x00007ffbd9b5b9a0] Heap_lock - owner thread: 0x000001be10ec33f0

Heap address: 0x0000000081e00000, size: 2018 MB, Compressed Oops mode: 32-bit

CDS archive(s) mapped at: [0x0000000000000000-0x0000000000000000-0x0000000000000000), size 0, SharedBaseAddress: 0x0000000800000000, ArchiveRelocationMode: 1.
Narrow klass base: 0x0000000000000000, Narrow klass shift: 0, Narrow klass range: 0x0

GC Precious Log:
 CardTable entry size: 512
 Card Set container configuration: InlinePtr #cards 5 size 8 Array Of Cards #cards 12 size 40 Howl #buckets 4 coarsen threshold 1843 Howl Bitmap #cards 512 size 80 coarsen threshold 460 Card regions per heap region 1 cards per card region 2048

Heap:
 garbage-first heap   total 0K, used 0K [0x0000000081e00000, 0x0000000100000000)
  region size 1024K, 0 young (0K), 0 survivors (0K)

[error occurred during error reporting (printing heap information), id 0xc0000005, EXCEPTION_ACCESS_VIOLATION (0xc0000005) at pc=0x00007ffbd95cce29]
GC Heap History (0 events):
No events

Dll operation events (1 events):
Event: 0.016 Loaded shared library C:\Users\Administrator\.jdks\ms-21.0.10\bin\java.dll

Deoptimization events (0 events):
No events

Classes loaded (0 events):
No events

Classes unloaded (0 events):
No events

Classes redefined (0 events):
No events

Internal exceptions (0 events):
No events

ZGC Phase Switch (0 events):
No events

VM Operations (0 events):
No events

Memory protections (0 events):
No events

Nmethod flushes (0 events):
No events

Events (0 events):
No events


Dynamic libraries:
0x00007ff764090000 - 0x00007ff76409e000 	C:\Users\Administrator\.jdks\ms-21.0.10\bin\java.exe
0x00007ffc48e80000 - 0x00007ffc4906f000 	C:\Windows\SYSTEM32\ntdll.dll
0x00007ffc478b0000 - 0x00007ffc47963000 	C:\Windows\System32\KERNEL32.DLL
0x00007ffc44f00000 - 0x00007ffc4519d000 	C:\Windows\System32\KERNELBASE.dll
0x00007ffc45360000 - 0x00007ffc4545a000 	C:\Windows\System32\ucrtbase.dll
0x00007ffc3a9a0000 - 0x00007ffc3a9b8000 	C:\Users\Administrator\.jdks\ms-21.0.10\bin\jli.dll
0x00007ffc47710000 - 0x00007ffc478a8000 	C:\Windows\System32\USER32.dll
0x00007ffc451a0000 - 0x00007ffc451c0000 	C:\Windows\System32\win32u.dll
0x00007ffc48870000 - 0x00007ffc48899000 	C:\Windows\System32\GDI32.dll
0x00007ffc45cf0000 - 0x00007ffc45e96000 	C:\Windows\System32\gdi32full.dll
0x00007ffc452c0000 - 0x00007ffc45360000 	C:\Windows\System32\msvcp_win.dll
0x00007ffc376d0000 - 0x00007ffc376ee000 	C:\Users\Administrator\.jdks\ms-21.0.10\bin\VCRUNTIME140.dll
0x00007ffc35b60000 - 0x00007ffc35dd9000 	C:\Windows\WinSxS\amd64_microsoft.windows.common-controls_6595b64144ccf1df_6.0.17763.4737_none_de704896534c368b\COMCTL32.dll
0x00007ffc46110000 - 0x00007ffc461ae000 	C:\Windows\System32\msvcrt.dll
0x00007ffc47e30000 - 0x00007ffc4815b000 	C:\Windows\System32\combase.dll
0x00007ffc48ba0000 - 0x00007ffc48cbe000 	C:\Windows\System32\RPCRT4.dll
0x00007ffc45460000 - 0x00007ffc454e2000 	C:\Windows\System32\bcryptPrimitives.dll
0x00007ffc48cc0000 - 0x00007ffc48cee000 	C:\Windows\System32\IMM32.DLL
0x0000000062f90000 - 0x0000000062f9d000 	C:\Program Files (x86)\360\Total Security\safemon\SafeWrapper.dll
0x00007ffc481e0000 - 0x00007ffc48287000 	C:\Windows\System32\ADVAPI32.dll
0x00007ffc488a0000 - 0x00007ffc4893f000 	C:\Windows\System32\sechost.dll
0x00007ffc43a80000 - 0x00007ffc43b85000 	C:\Program Files (x86)\360\Total Security\safemon\libzdtp64.dll
0x00007ffc46210000 - 0x00007ffc47708000 	C:\Windows\System32\SHELL32.dll
0x00007ffc45270000 - 0x00007ffc452ba000 	C:\Windows\System32\cfgmgr32.dll
0x00007ffc48290000 - 0x00007ffc48337000 	C:\Windows\System32\shcore.dll
0x00007ffc45550000 - 0x00007ffc45c97000 	C:\Windows\System32\windows.storage.dll
0x00007ffc44e70000 - 0x00007ffc44e93000 	C:\Windows\System32\profapi.dll
0x00007ffc44ea0000 - 0x00007ffc44efd000 	C:\Windows\System32\powrprof.dll
0x00007ffc47dc0000 - 0x00007ffc47e12000 	C:\Windows\System32\shlwapi.dll
0x00007ffc44e50000 - 0x00007ffc44e61000 	C:\Windows\System32\kernel.appcore.dll
0x00007ffc45ca0000 - 0x00007ffc45cbb000 	C:\Windows\System32\cryptsp.dll
0x00007ffc44920000 - 0x00007ffc4492a000 	C:\Windows\SYSTEM32\VERSION.dll
0x00007ffc36a20000 - 0x00007ffc36a2c000 	C:\Users\Administrator\.jdks\ms-21.0.10\bin\vcruntime140_1.dll
0x00007ffc33d20000 - 0x00007ffc33da9000 	C:\Users\Administrator\.jdks\ms-21.0.10\bin\msvcp140.dll
0x00007ffbd8e90000 - 0x00007ffbd9c3d000 	C:\Users\Administrator\.jdks\ms-21.0.10\bin\server\jvm.dll
0x00007ffc48940000 - 0x00007ffc489ad000 	C:\Windows\System32\WS2_32.dll
0x00007ffc41630000 - 0x00007ffc41654000 	C:\Windows\SYSTEM32\WINMM.dll
0x00007ffc41600000 - 0x00007ffc4162d000 	C:\Windows\SYSTEM32\WINMMBASE.dll
0x00007ffc36a10000 - 0x00007ffc36a1a000 	C:\Users\Administrator\.jdks\ms-21.0.10\bin\jimage.dll
0x00007ffc42f40000 - 0x00007ffc4312d000 	C:\Windows\SYSTEM32\DBGHELP.DLL
0x00007ffc31370000 - 0x00007ffc3139a000 	C:\Windows\SYSTEM32\dbgcore.DLL
0x00007ffc36490000 - 0x00007ffc364a0000 	C:\Users\Administrator\.jdks\ms-21.0.10\bin\instrument.dll
0x00007ffc33cf0000 - 0x00007ffc33d11000 	C:\Users\Administrator\.jdks\ms-21.0.10\bin\java.dll

JVMTI agents:
C:\Program Files\JetBrains\IntelliJ IDEA 2025.2.4\lib\idea_rt.jar path:none, loaded, not initialized, instrumentlib options:56266

dbghelp: loaded successfully - version: 4.0.5 - missing functions: none
symbol engine: initialized successfully - sym options: 0x614 - pdb path: .;C:\Users\Administrator\.jdks\ms-21.0.10\bin;C:\Windows\SYSTEM32;C:\Windows\WinSxS\amd64_microsoft.windows.common-controls_6595b64144ccf1df_6.0.17763.4737_none_de704896534c368b;C:\Program Files (x86)\360\Total Security\safemon;C:\Users\Administrator\.jdks\ms-21.0.10\bin\server

VM Arguments:
jvm_args: -XX:TieredStopAtLevel=1 -Dspring.output.ansi.enabled=always -Dcom.sun.management.jmxremote -Dspring.jmx.enabled=true -Dspring.liveBeansView.mbeanDomain -Dspring.application.admin.enabled=true -Dmanagement.endpoints.jmx.exposure.include=* -javaagent:C:\Program Files\JetBrains\IntelliJ IDEA 2025.2.4\lib\idea_rt.jar=56266 -Dfile.encoding=UTF-8 -Dsun.stdout.encoding=UTF-8 -Dsun.stderr.encoding=UTF-8 
java_command: com.example.comicworm.ComicwormApplication
java_class_path (initial): D:\ComicWorm\comicworm\build\classes\java\main;D:\ComicWorm\comicworm\build\resources\main;C:\Users\Administrator\.gradle\caches\modules-2\files-2.1\org.projectlombok\lombok\1.18.46\a5cfe99fdf320e84955ef653f2ce1bf789d11385\lombok-1.18.46.jar;C:\Users\Administrator\.gradle\caches\modules-2\files-2.1\io.jsonwebtoken\jjwt-api\0.12.6\478886a888f6add04937baf0361144504a024967\jjwt-api-0.12.6.jar;C:\Users\Administrator\.gradle\caches\modules-2\files-2.1\org.springframework.boot\spring-boot-starter-mail\4.1.1\be480aacd56f05a9ef5a05ff3661c295ce69ba45\spring-boot-starter-mail-4.1.1.jar;C:\Users\Administrator\.gradle\caches\modules-2\files-2.1\org.springframework.boot\spring-boot-starter-data-jpa\4.1.1\e76828cd073e4eb1ae72fbcd07bf32c76baa76f6\spring-boot-starter-data-jpa-4.1.1.jar;C:\Users\Administrator\.gradle\caches\modules-2\files-2.1\org.springframework.boot\spring-boot-starter-security\4.1.1\6c8b67269e28642ac532a85fec1ea159847ab602\spring-boot-starter-security-4.1.1.jar;C:\Users\Administrator\.gradle\caches\modules-2\files-2.1\org.springframework.boot\spring-boot-starter-validation\4.1.1\2c08283aef7b9b22b8d0892bca1c54660383b574\spring-boot-starter-validation-4.1.1.jar;C:\Users\Administrator\.gradle\caches\modules-2\files-2.1\org.springframework.boot\spring-boot-starter-webmvc\4.1.1\7d25a0b22f776c7cc0cc18a88188113400b2b011\spring-boot-starter-webmvc-4.1.1.jar;C:\Users\Administrator\.gradle\caches\modules-2\files-2.1\org.springframework.boot\spring-boot-starter-thymeleaf\4.1.1\32a2d87c7f3b3f88e4243114770d2a20b3f0827f\spring-boot-starter-thymeleaf-4.1.1.jar;C:\Users\Administrator\.gradle\caches\modules-2\files-2.1\org.springframework.boot\spring-boot-starter\4.1.1\50fe6a89fa4fd26e7caaec909ab1c4cc9afde5d4\spring-boot-starter-4.1.1.jar;C:\Users\Administrator\.gradle\caches\modules-2\files-2.1\org.springframework.boot\spring-boot-mail\4.1.1\b488330ecca2c9076d954a3b2644f4cd1dc33c97\spring-boot-mail-4.1.1.jar;C:\Users\Administrator\.gradle\caches\modules-2\files-2.1\org.springframework.boot\spring-boot-starter-jdbc\4.1.1\6159a34f1463c146ad1d0b4f6532a61a9fc9f5b5\spring-boot-starter-jdbc-4.1.1.jar;C:\Users\Administrator\.gradle\caches\modules-2\files-2.1\org.springframework.boot\spring-boot-data-jpa\4.1.1\6bb039309f539b4f9b14e7398eafcca08a60fd23\spring-boot-data-jpa-4.1.1.jar;C:\Users\Administrator\.gradle\caches\modules-2\files-2.1\org.springframework.boot\spring-boot-jdbc\4.1.1\dde73b8622725ac440d5f3e88c2d41194085564a\spring-boot-jdbc-4.1.1.jar;C:\Users\Administrator\.gradle\caches\modules-2\files-2.1\org.springframework.boot\spring-boot-security\4.1.1\8f08145264d1a224c4b9c865d60e47f62f4dd85f\spring-boot-security-4.1.1.jar;C:\Users\Administrator\.gradle\caches\modules-2\files-2.1\org.springframework\spring-aop\7.0.9\35f68fd8cdf30444e18835cec152f2619c4c46c7\spring-aop-7.0.9.jar;C:\Users\Administrator\.gradle\caches\modules-2\files-2.1\org.springframework.boot\spring-boot-validation\4.1.1\e4a77e095430ec3b9f4c2382c1521fd07750d0f6\spring-boot-validation-4.1.1.jar;C:\Users\Administrator\.gradle\caches\modules-2\files-2.1\org.springframework.boot\spring-boot-starter-jackson\4.1.1\f8cd6a81994a207a808564515e5104548d1967bb\spring-boot-starter-jackson-4.1.1.jar;C:\Users\Administrator\.gradle\caches\modules-2\files-2.1\org.springframework.boot\spring-boot-starter-tomcat\4.1.1\8a7b2b2fd2ec40ed7e56359fb68c9a8b5fde315c\spring-boot-starter-tomcat-4.1.1.jar;C:\Users\Administrator\.gradle\caches\modules-2\files-2.1\org.springframework.boot\spring-boot-http-converter\4.1.1\886e76307151a64c8710c61e02a2323ab883b87c\spring-boot-http-converter-4.1.1.jar;C:\Users\Administrator\.gradle\caches\modules-2\files-2.1\org.springframework.boot\spring-boot-webmvc\4.1.1\3057d155bc66412ad906ecdd488e0fd617589151\spring-boot-webmvc-4.1.1.jar;C:\Users\Administrator\.gradle\caches\modules-2\files-2.1\org.springframework.boot\spring-boot-thymeleaf\4.1.1\ee3ff1d68c23151f176cc68197ca9d3aa965c845\spring-boot-thymeleaf-4.1.1.jar;C:\Users\Administrator\.gradle\caches\modules-2\files-2.1\org.springframework.boot\spring-boot-starter-logging\4.1.1\c6831fe833182419def54db4c41fc34ce71f4fc5\spring-boot-starter-logging-4.1.1.jar;C:\Users\Administrator\.gradle\caches\modules-2\files-2.1\org.springframework.boot\spring-boot-autoconfigure\4.1.1\53c1c604301b4183faa480a5b9f2fd86a2f043c3\spring-boot-autoconfigure-4.1.1.jar;C:\Users\Administrator\.gradle\caches\modules-2\files-2.1\jakarta.annotation\jakarta.annotation-api\3.0.0\54f928fadec906a99d558536756d171917b9d936\jakarta.annotation-api-3.0.0.jar;C:\Users\Administrator\.gradle\caches\modules-2\files-2.1\org.yaml\snakeyaml\2.6\2bc14918a2f8d5414749ab12d0c590cd3198b8c1\snakeyaml-2.6.jar;C:\Users\Administrator\.gradle\caches\modules-2\files-2.1\org.springframework.boot\spring-boot\4.1.1\f958dfcba9bc998459cd7862894aa69220645c44\spring-boot-4.1.1.jar;C:\Users\Administrator\.gradle\caches\modules-2\files-2.1\org.springframework\spring-context-support\7.0.9\2eb98af1a2d99e07ed416c7be2fda265072b6ed\spring-context-support-7.0.9.jar;C:\Users\Administrator\.gradle\caches\modules-2\files-2.1\jakarta.mail\jakarta.mail-api\2.1.5\be9b3b677ed6083f575c437ebc442a6a4bd2b931\jakarta.mail-api-2.1.5.jar;C:\Users\Administrator\.gradle\caches\modules-2\files-2.1\com.zaxxer\HikariCP\7.0.2\c2b43c946b86a14a96342379e22b004c56c6166d\HikariCP-7.0.2.jar;C:\Users\Administrator\.gradle\caches\modules-2\files-2.1\org.springframework.boot\spring-boot-data-commons\4.1.1\90a5dd56b22c624c8d7eedda11c57f6bc737dc72\spring-boot-data-commons-4.1.1.jar;C:\Users\Administrator\.gradle\caches\modules-2\files-2.1\org.springframework.boot\spring-boot-hibernate\4.1.1\79c857acd2f8716f53ee68f371d708372547e04a\spring-boot-hibernate-4.1.1.jar;C:\Users\Administrator\.gradle\caches\modules-2\files-2.1\org.springframework.data\spring-data-jpa\4.1.1\44e75d6aaa629c40e03277eddacb2ed5ddd10955\spring-data-jpa-4.1.1.jar;C:\Users\Administrator\.gradle\caches\modules-2\files-2.1\org.springframework\spring-aspects\7.0.9\c1a59e3288b75d061034da5a9af4e254d9cd4c82\spring-aspects-7.0.9.jar;C:\Users\Administrator\.gradle\caches\modules-2\files-2.1\org.springframework.boot\spring-boot-sql\4.1.1\1699846d0a6959d415f06ee76371d48e968d0d3e\spring-boot-sql-4.1.1.jar;C:\Users\Administrator\.gradle\caches\modules-2\files-2.1\org.springframework.boot\spring-boot-transaction\4.1.1\efb4297a46ffad58e3047604c5f4cdc07440c554\spring-boot-transaction-4.1.1.jar;C:\Users\Administrator\.gradle\caches\modules-2\files-2.1\org.springframework\spring-jdbc\7.0.9\b1cfa486ba259e5fc93c67db9ad199ac44ac2f6d\spring-jdbc-7.0.9.jar;C:\Users\Administrator\.gradle\caches\modules-2\files-2.1\org.springframework.security\spring-security-config\7.1.1\6aadefb4acc552578b28f0b95908158861bea08\spring-security-config-7.1.1.jar;C:\Users\Administrator\.gradle\caches\modules-2\files-2.1\org.springframework.security\spring-security-web\7.1.1\449685cf2be4029b1200f1d0860a15caa5c2d05b\spring-security-web-7.1.1.jar;C:\Users\Administrator\.gradle\caches\modules-2\files-2.1\org.springframework\spring-beans\7.0.9\2bee42fa948a5f32761fd0838de3baa1f51c0225\spring-beans-7.0.9.jar;C:\Users\Administrator\.gradle\caches\modules-2\files-2.1\org.springframework\spring-core\7.0.9\e03c619fc5b26931973277f5ba65ae47967a20e3\spring-core-7.0.9.jar;C:\Users\Administrator\.gradle\caches\modules-2\files-2.1\org.apache.tomcat.embed\tomcat-embed-el\11.0.24\3eafa072a45e67081452e56576ab4fe68b525fb5\tomcat-embed-el-11.0.24.jar;C:\Users\Administrator\.gradle\caches\modules-2\files-2.1\org.hibernate.validator\hibernate-validator\9.1.3.Final\1873374b24290d273160e998cb57bfe0f0a5d584\hibernate-validator-9.1.3.Final.jar;C:\Users\Administrator\.gradle\caches\modules-2\files-2.1\org.springframework.boot\spring-boot-jackson\4.1.1\1defff7e3f9dda050f26e98da3285b4321920dc1\spring-boot-jackson-4.1.1.jar;C:\Users\Administrator\.gradle\caches\modules-2\files-2.1\org.springframework.boot\spring-boot-starter-tomcat-runtime\4.1.1\397ae80a471fa432ef858230c7d52498ee20ecd\spring-boot-starter-tomcat-runtime-4.1.1.jar;C:\Users\Administrator\.gradle\caches\modules-2\files-2.1\org.springframework.boot\spring-boot-tomcat\4.1.1\61450290ced8f16d8d00308f1aa81423d7660dc2\spring-boot-tomcat-4.1.1.jar;C:\Users\Administrator\.gradle\caches\modules-2\files-2.1\org.springframework\spring-web\7.0.9\c42f4ce0cded1526527296726c4ed30335dfaa10\spring-web-7.0.9.jar;C:\Users\Administrator\.gradle\caches\modules-2\files-2.1\org.springframework.boot\spring-boot-servlet\4.1.1\76881b573c8639708ce3d520b428209335f007fc\spring-boot-servlet-4.1.1.jar;C:\Users\Administrator\.gradle\caches\modules-2\files-2.1\org.springframework\spring-webmvc\7.0.9\53b41e6290df1a75fe0e0d16608c80a93bb63bdd\spring-webmvc-7.0.9.jar;C:\Users\Administrator\.gradle\caches\modules-2\files-2.1\org.thymeleaf\thymeleaf-spring6\3.1.5.RELEASE\d9dcb89be976a321df29518cc634d89a83973800\thymeleaf-spring6-3.1.5.RELEASE.jar;C:\Users\Administrator\.gradle\caches\modules-2\files-2.1\ch.qos.logback\logback-classic\1.5.38\bc5873cb4a7f502ce18ce2977d98ad26b9f96444\logback-classic-1.5.38.jar;C:\Users\Administrator\.gradle\caches\modules-2\files-2.1\org.apache.logging.log4j\log4j-to-slf4j\2.25.5\bafb12d62913815e040218e34c80d75ad6db09c1\log4j-to-slf4j-2.25.5.jar;C:\Users\Administrator\.gradle\caches\modules-2\files-2.1\org.slf4j\jul-to-slf4j\2.0.18\79739c98001d5c9d078d087d5a348ec9e474ec8f\jul-to-slf4j-2.0.18.jar;C:\Users\Administrator\.gradle\caches\modules-2\files-2.1\org.springframework\spring-context\7.0.9\7eb8e01ecf1633ddd4d64ca184194f967b6bc0aa\spring-context-7.0.9.jar;C:\Users\Administrator\.gradle\caches\modules-2\files-2.1\jakarta.activation\jakarta.activation-api\2.1.4\9e5c2a0d75dde71a0bedc4dbdbe47b78a5dc50f8\jakarta.activation-api-2.1.4.jar;C:\Users\Administrator\.gradle\caches\modules-2\files-2.1\org.slf4j\slf4j-api\2.0.18\78a9e7a37cd6360e0b818e86341b24123d28d4df\slf4j-api-2.0.18.jar;C:\Users\Administrator\.gradle\caches\modules-2\files-2.1\org.springframework.boot\spring-boot-persistence\4.1.1\34e6dd1adfbce5de427957588683d607865c76c7\spring-boot-persistence-4.1.1.jar;C:\Users\Administrator\.gradle\caches\modules-2\files-2.1\org.springframework.data\spring-data-commons\4.1.1\8b6450be618ed20a5f9a0065de23a5b9abb37808\spring-data-commons-4.1.1.jar;C:\Users\Administrator\.gradle\caches\modules-2\files-2.1\org.springframework.boot\spring-boot-jpa\4.1.1\bff6408ab9a9083e608320ceeeec4462cb31be78\spring-boot-jpa-4.1.1.jar;C:\Users\Administrator\.gradle\caches\modules-2\files-2.1\org.hibernate.orm\hibernate-core\7.4.5.Final\38682c980381214df8aa66bec69d183bf91e2926\hibernate-core-7.4.5.Final.jar;C:\Users\Administrator\.gradle\caches\modules-2\files-2.1\org.springframework\spring-orm\7.0.9\6e3089628cb98c4b8498d4b0c9ff0df17de6afb\spring-orm-7.0.9.jar;C:\Users\Administrator\.gradle\caches\modules-2\files-2.1\org.springframework\spring-tx\7.0.9\4912434272ba05818632fe87844532ae98a4af40\spring-tx-7.0.9.jar;C:\Users\Administrator\.gradle\caches\modules-2\files-2.1\org.antlr\antlr4-runtime\4.13.2\fc3db6d844df652a3d5db31c87fa12757f13691d\antlr4-runtime-4.13.2.jar;C:\Users\Administrator\.gradle\caches\modules-2\files-2.1\org.aspectj\aspectjweaver\1.9.25.1\a713c790da4d794c7dfb542b550d4e44898d5e23\aspectjweaver-1.9.25.1.jar;C:\Users\Administrator\.gradle\caches\modules-2\files-2.1\org.springframework.security\spring-security-core\7.1.1\c0373b564151af7a3001ccfbea589bf37dd6dc3b\spring-security-core-7.1.1.jar;C:\Users\Administrator\.gradle\caches\modules-2\files-2.1\org.springframework\spring-expression\7.0.9\9452ece85b97fa3e208046cc3a7e985c314b0034\spring-expression-7.0.9.jar;C:\Users\Administrator\.gradle\caches\modules-2\files-2.1\commons-logging\commons-logging\1.3.6\63e78ca6cd446c0ad166d14f03ed99e7efb3896d\commons-logging-1.3.6.jar;C:\Users\Administrator\.gradle\caches\modules-2\files-2.1\org.jspecify\jspecify\1.0.1\3d60fd98eb8ade73004f4195c37b6317e02cf3d7\jspecify-1.0.1.jar;C:\Users\Administrator\.gradle\caches\modules-2\files-2.1\jakarta.validation\jakarta.validation-api\3.1.1\ec8622148afc5564235d17af80ea80288d0e7f92\jakarta.validation-api-3.1.1.jar;C:\Users\Administrator\.gradle\caches\modules-2\files-2.1\org.jboss.logging\jboss-logging\3.6.3.Final\1cc9f976725720bb4a66f80af3e3aa6b9890d969\jboss-logging-3.6.3.Final.jar;C:\Users\Administrator\.gradle\caches\modules-2\files-2.1\com.fasterxml\classmate\1.7.3\f61c7e7b81e9249b0f6a05914eff9d54fb09f4a0\classmate-1.7.3.jar;C:\Users\Administrator\.gradle\caches\modules-2\files-2.1\tools.jackson.core\jackson-databind\3.1.5\782178f0b1fe088803c03b85eb9a406f60519044\jackson-databind-3.1.5.jar;C:\Users\Administrator\.gradle\caches\modules-2\files-2.1\org.springframework.boot\spring-boot-web-server\4.1.1\d1eb8e523013ac3939ae59adc5335a3de704d11b\spring-boot-web-server-4.1.1.jar;C:\Users\Administrator\.gradle\caches\modules-2\files-2.1\org.apache.tomcat.embed\tomcat-embed-core\11.0.24\172bb449cba1a8ffcffa249727907602a4cc899\tomcat-embed-core-11.0.24.jar;C:\Users\Administrator\.gradle\caches\modules-2\files-2.1\org.apache.tomcat.embed\tomcat-embed-websocket\11.0.24\8cd43556888f042c90115d54b124a4648f2b413f\tomcat-embed-websocket-11.0.24.jar;C:\Users\Administrator\.gradle\caches\modules-2\files-2.1\io.micrometer\micrometer-observation\1.17.1\24c0b05bc06a9ab6f4e09a48949b6eccc179ca15\micrometer-observation-1.17.1.jar;C:\Users\Administrator\.gradle\caches\modules-2\files-2.1\org.thymeleaf\thymeleaf\3.1.5.RELEASE\8986b45086f74f7773c440055a2f473817dd3fa8\thymeleaf-3.1.5.RELEASE.jar;C:\Users\Administrator\.gradle\caches\modules-2\files-2.1\ch.qos.logback\logback-core\1.5.38\7b1d133b29bf42ff268cf3f71d1308b80480fb8d\logback-core-1.5.38.jar;C:\Users\Administrator\.gradle\caches\modules-2\files-2.1\org.apache.logging.log4j\log4j-api\2.25.5\6c80ea65e41f7858f7e15cb390c98c36167c7b3a\log4j-api-2.25.5.jar;C:\Users\Administrator\.gradle\caches\modules-2\files-2.1\biz.aQute.bnd\biz.aQute.bnd.annotation\7.1.0\2f2be18c936d08cf46ea6cfa0043f34afdf38705\biz.aQute.bnd.annotation-7.1.0.jar;C:\Users\Administrator\.gradle\caches\modules-2\files-2.1\com.google.errorprone\error_prone_annotations\2.38.0\fc0ae991433e8590ba51cd558421478318a74c8c\error_prone_annotations-2.38.0.jar;C:\Users\Administrator\.gradle\caches\modules-2\files-2.1\org.osgi\org.osgi.annotation.bundle\2.0.0\f5c2cd6e670c3c5d440d3003efd5ef2ead5c68eb\org.osgi.annotation.bundle-2.0.0.jar;C:\Users\Administrator\.gradle\caches\modules-2\files-2.1\org.osgi\org.osgi.annotation.versioning\1.1.2\dc3cd4ec96c0b3c5459fe00694bd73a816ecf93e\org.osgi.annotation.versioning-1.1.2.jar;C:\Users\Administrator\.gradle\caches\modules-2\files-2.1\jakarta.persistence\jakarta.persistence-api\3.2.0\bb75a113f3fa191c2c7ee7b206d8e674251b3129\jakarta.persistence-api-3.2.0.jar;C:\Users\Administrator\.gradle\caches\modules-2\files-2.1\jakarta.transaction\jakarta.transaction-api\2.0.1\51a520e3fae406abb84e2e1148e6746ce3f80a1a\jakarta.transaction-api-2.0.1.jar;C:\Users\Administrator\.gradle\caches\modules-2\files-2.1\org.springframework.security\spring-security-crypto\7.1.1\5356e8056e4dcb18b12550c422fb12e0c8e742ae\spring-security-crypto-7.1.1.jar;C:\Users\Administrator\.gradle\caches\modules-2\files-2.1\com.fasterxml.jackson.core\jackson-annotations\2.21\b1bc1868bf02dc0bd6c7836257a036a331005309\jackson-annotations-2.21.jar;C:\Users\Administrator\.gradle\caches\modules-2\files-2.1\tools.jackson.core\jackson-core\3.1.5\ccd7eb3269b8d33bc097b36770f367cdfe2f1150\jackson-core-3.1.5.jar;C:\Users\Administrator\.gradle\caches\modules-2\files-2.1\io.micrometer\micrometer-commons\1.17.1\b1c3fdea68c5a81495cf1c16cf2905c5ad9f30d2\micrometer-commons-1.17.1.jar;C:\Users\Administrator\.gradle\caches\modules-2\files-2.1\org.attoparser\attoparser\2.0.7.RELEASE\e5d0e988d9124139d645bb5872b24dfa23e283cc\attoparser-2.0.7.RELEASE.jar;C:\Users\Administrator\.gradle\caches\modules-2\files-2.1\org.unbescape\unbescape\1.1.6.RELEASE\7b90360afb2b860e09e8347112800d12c12b2a13\unbescape-1.1.6.RELEASE.jar;C:\Users\Administrator\.gradle\caches\modules-2\files-2.1\org.osgi\org.osgi.resource\1.0.0\343c88949132984b3f2d4175a72c40b77dc65619\org.osgi.resource-1.0.0.jar;C:\Users\Administrator\.gradle\caches\modules-2\files-2.1\org.osgi\org.osgi.service.serviceloader\1.0.0\3728ff37909c6a3c1870b3e851342d9f2bd3cc63\org.osgi.service.serviceloader-1.0.0.jar;C:\Users\Administrator\.gradle\caches\modules-2\files-2.1\org.springframework.boot\spring-boot-devtools\4.1.1\8da7a6f8ac27ad1153c41909b24bef4105d1fbea\spring-boot-devtools-4.1.1.jar;C:\Users\Administrator\.gradle\caches\modules-2\files-2.1\io.jsonwebtoken\jjwt-impl\0.12.6\ac23673a84b6089e0369fb8ab2c69edd91cd6eb0\jjwt-impl-0.12.6.jar;C:\Users\Administrator\.gradle\caches\modules-2\files-2.1\io.jsonwebtoken\jjwt-jackson\0.12.6\f141e0c1136ba17f2632858238a31ae05642dbf8\jjwt-jackson-0.12.6.jar;C:\Users\Administrator\.gradle\caches\modules-2\files-2.1\com.mysql\mysql-connector-j\9.7.0\4e6e3e8765e4a9d0609744b3e8fe75afe1b98cba\mysql-connector-j-9.7.0.jar;C:\Users\Administrator\.gradle\caches\modules-2\files-2.1\com.fasterxml.jackson.core\jackson-databind\2.21.5\84924990b468233a28214ae2c505a9ec24cd6ea6\jackson-databind-2.21.5.jar;C:\Users\Administrator\.gradle\caches\modules-2\files-2.1\org.eclipse.angus\angus-mail\2.0.5\427f6d52ec0782f7efaca0c0732042e347a6cb4f\angus-mail-2.0.5.jar;C:\Users\Administrator\.gradle\caches\modules-2\files-2.1\com.fasterxml.jackson.core\jackson-core\2.21.5\7ec0c8bf8402fa998f64b2009632d6566a42ceb7\jackson-core-2.21.5.jar;C:\Users\Administrator\.gradle\caches\modules-2\files-2.1\org.eclipse.angus\angus-activation\2.0.3\7f80607ea5014fef0b1779e6c33d63a88a45a563\angus-activation-2.0.3.jar;C:\Users\Administrator\.gradle\caches\modules-2\files-2.1\org.hibernate.models\hibernate-models\1.1.1\c890a4cc781fd8720e0e2613b4a24b33cdaa80a1\hibernate-models-1.1.1.jar;C:\Users\Administrator\.gradle\caches\modules-2\files-2.1\net.bytebuddy\byte-buddy\1.18.11\8fcc3779ff85fae5164cd1b977798ca1af388e06\byte-buddy-1.18.11.jar;C:\Users\Administrator\.gradle\caches\modules-2\files-2.1\jakarta.xml.bind\jakarta.xml.bind-api\4.0.5\161811f36cad3c65991502e80317f2f6703361df\jakarta.xml.bind-api-4.0.5.jar;C:\Users\Administrator\.gradle\caches\modules-2\files-2.1\org.glassfish.jaxb\jaxb-runtime\4.0.9\500c199572538675d2819c938fbafe34935d8d6b\jaxb-runtime-4.0.9.jar;C:\Users\Administrator\.gradle\caches\modules-2\files-2.1\jakarta.inject\jakarta.inject-api\2.0.1\4c28afe1991a941d7702fe1362c365f0a8641d1e\jakarta.inject-api-2.0.1.jar;C:\Users\Administrator\.gradle\caches\modules-2\files-2.1\org.glassfish.jaxb\jaxb-core\4.0.9\3f32ec949d109d666fa30994223d1c25a47b105f\jaxb-core-4.0.9.jar;C:\Users\Administrator\.gradle\caches\modules-2\files-2.1\org.glassfish.jaxb\txw2\4.0.9\70325ebdebca3e7aae1dfa395fd41fc25d8a6f4e\txw2-4.0.9.jar;C:\Users\Administrator\.gradle\caches\modules-2\files-2.1\com.sun.istack\istack-commons-runtime\4.1.2\18ec117c85f3ba0ac65409136afa8e42bc74e739\istack-commons-runtime-4.1.2.jar
Launcher Type: SUN_STANDARD

[Global flags]
     intx CICompilerCount                          = 3                                         {product} {ergonomic}
     uint ConcGCThreads                            = 1                                         {product} {ergonomic}
     uint G1ConcRefinementThreads                  = 4                                         {product} {ergonomic}
   size_t G1HeapRegionSize                         = 1048576                                   {product} {ergonomic}
    uintx GCDrainStackTargetSize                   = 64                                        {product} {ergonomic}
   size_t InitialHeapSize                          = 134217728                                 {product} {ergonomic}
     bool ManagementServer                         = true                                      {product} {command line}
   size_t MarkStackSize                            = 4194304                                   {product} {ergonomic}
   size_t MaxHeapSize                              = 2116026368                                {product} {ergonomic}
   size_t MinHeapDeltaBytes                        = 1048576                                   {product} {ergonomic}
   size_t MinHeapSize                              = 8388608                                   {product} {ergonomic}
    uintx NonNMethodCodeHeapSize                   = 4096                                   {pd product} {ergonomic}
    uintx NonProfiledCodeHeapSize                  = 0                                      {pd product} {ergonomic}
     bool ProfileInterpreter                       = false                                  {pd product} {command line}
    uintx ProfiledCodeHeapSize                     = 0                                      {pd product} {ergonomic}
   size_t SoftMaxHeapSize                          = 2116026368                             {manageable} {ergonomic}
     intx TieredStopAtLevel                        = 1                                         {product} {command line}
     bool UseCompressedOops                        = true                           {product lp64_product} {ergonomic}
     bool UseG1GC                                  = true                                      {product} {ergonomic}
     bool UseLargePagesIndividualAllocation        = false                                  {pd product} {ergonomic}

Logging:
Log output configuration:
 #0: stdout all=warning uptime,level,tags foldmultilines=false
 #1: stderr all=off uptime,level,tags foldmultilines=false

Release file:
<release file has not been read>
Environment Variables:
PATH=C:\Users\Administrator\Downloads\gradle-9.4.1-bin\gradle-9.4.1\bin;C:\Users\Administrator\AppData\Local\Programs\Python\Python311\Scripts;C:\Program Files\Microsoft MPI\Bin\;C:\Program Files (x86)\VMware\VMware Workstation\bin\;C:\Program Files\Common Files\Oracle\Java\javapath;C:\Windows\system32;C:\Windows;C:\Windows\System32\Wbem;C:\Windows\System32\WindowsPowerShell\v1.0\;C:\Windows\System32\OpenSSH\;C:\FPC\3.2.2\bin\i386-Win32;C:\Program Files\Cloudflare\Cloudflare WARP\;C:\Program Files (x86)\Microsoft SQL Server\160\Tools\Binn\;C:\Program Files\Microsoft SQL Server\160\Tools\Binn\;C:\Program Files\Microsoft SQL Server\Client SDK\ODBC\170\Tools\Binn\;C:\Program Files\Microsoft SQL Server\160\DTS\Binn\;C:\Program Files (x86)\Microsoft SQL Server\160\DTS\Binn\;C:\Program Files\Git\cmd;C:\Program Files\Microsoft VS Code\bin;C:\Program Files\nodejs\;C:\Users\Administrator\AppData\Local\Microsoft\WindowsApps;C:\Users\Administrator\Downloads\Microsoft VS Code\bin;C:\Program Files\JetBrains\WebStorm 2025.3\bin;C:\Users\Administrator\AppData\Local\GitHubDesktop\bin;C:\Users\Administrator\AppData\Local\Kingsoft\WPS Office\12.1.0.27458\clitool;C:\Users\Administrator\AppData\Roaming\npm
USERNAME=Administrator
OS=Windows_NT
PROCESSOR_IDENTIFIER=Intel64 Family 6 Model 61 Stepping 4, GenuineIntel
TMP=C:\Users\ADMINI~1\AppData\Local\Temp
TEMP=C:\Users\ADMINI~1\AppData\Local\Temp




Periodic native trim disabled

---------------  S Y S T E M  ---------------

OS:
 Windows 10 , 64 bit Build 17763 (10.0.17763.4720)
OS uptime: 20 days 4:59 hours

CPU: total 4 (initial active 4) (2 cores per cpu, 2 threads per core) family 6 model 61 stepping 4 microcode 0x2f, cx8, cmov, fxsr, ht, mmx, 3dnowpref, sse, sse2, sse3, ssse3, sse4.1, sse4.2, popcnt, lzcnt, tsc, tscinvbit, avx, avx2, aes, erms, clmul, bmi1, bmi2, rtm, adx, fma, vzeroupper, clflush, rdtscp, f16c
Processor Information for the first 4 processors :
  Max Mhz: 2594, Current Mhz: 498, Mhz Limit: 492

Memory: 4k page, system-wide physical 8064M (2520M free)
TotalPageFile size 16256M (AvailPageFile size 96M)
current process WorkingSet (physical memory assigned to process): 12M, peak: 12M
current process commit charge ("private bytes"): 47M, peak: 175M

vm_info: OpenJDK 64-Bit Server VM (21.0.10+7-LTS) for windows-amd64 JRE (21.0.10+7-LTS), built on 2026-01-15T18:39:42Z by "MicrosoftCorporation" with MS VC++ 17.14 (VS2022)

END.
