#
# There is insufficient memory for the Java Runtime Environment to continue.
# Native memory allocation (malloc) failed to allocate 32744 bytes. Error detail: Chunk::new
# Possible reasons:
#   The system is out of physical RAM or swap space
#   This process is running with CompressedOops enabled, and the Java Heap may be blocking the growth of the native heap
# Possible solutions:
#   Reduce memory load on the system
#   Increase physical memory or swap space
#   Check if swap backing store is full
#   Decrease Java heap size (-Xmx/-Xms)
#   Decrease number of Java threads
#   Decrease Java thread stack sizes (-Xss)
#   Set larger code cache with -XX:ReservedCodeCacheSize=
#   JVM is running with Unscaled Compressed Oops mode in which the Java heap is
#     placed in the first 4GB address space. The Java Heap base address is the
#     maximum limit for the native heap growth. Please use -XX:HeapBaseMinAddress
#     to set the Java Heap base and to place the Java Heap above 4GB virtual address.
# This output file may be truncated or incomplete.
#
#  Out of Memory Error (arena.cpp:168), pid=36184, tid=7224
#
# JRE version: OpenJDK Runtime Environment Microsoft-13106404 (21.0.10+7) (build 21.0.10+7-LTS)
# Java VM: OpenJDK 64-Bit Server VM Microsoft-13106404 (21.0.10+7-LTS, mixed mode, sharing, tiered, compressed oops, compressed class ptrs, g1 gc, windows-amd64)
# No core dump will be written. Minidumps are not enabled by default on client versions of Windows
#

---------------  S U M M A R Y ------------

Command Line: --add-opens=java.base/java.lang=ALL-UNNAMED --add-opens=java.base/java.lang.invoke=ALL-UNNAMED --add-opens=java.base/java.util=ALL-UNNAMED --add-opens=java.prefs/java.util.prefs=ALL-UNNAMED --add-exports=jdk.compiler/com.sun.tools.javac.api=ALL-UNNAMED --add-exports=jdk.compiler/com.sun.tools.javac.util=ALL-UNNAMED --add-opens=java.base/java.nio.charset=ALL-UNNAMED --add-opens=java.base/java.net=ALL-UNNAMED --add-opens=java.base/java.util.concurrent=ALL-UNNAMED --add-opens=java.base/java.util.concurrent.atomic=ALL-UNNAMED --add-opens=java.xml/javax.xml.namespace=ALL-UNNAMED --add-opens=java.base/java.time=ALL-UNNAMED -XX:MaxMetaspaceSize=384m -XX:+HeapDumpOnOutOfMemoryError -Xms256m -Xmx512m -Dfile.encoding=UTF-8 -Duser.country=US -Duser.language=en -Duser.variant -javaagent:C:\Users\Administrator\.gradle\wrapper\dists\gradle-9.7.1-bin\1w1c7tv4s851m17nbqdsro2tv\gradle-9.7.1\lib\agents\gradle-instrumentation-agent-9.7.1.jar org.gradle.launcher.daemon.bootstrap.GradleDaemon 9.7.1

Host: Intel(R) Core(TM) i7-5600U CPU @ 2.60GHz, 4 cores, 7G,  Windows 10 , 64 bit Build 17763 (10.0.17763.4720)
Time: Wed Oct  7 21:58:44 2026 SE Asia Standard Time elapsed time: 42.085116 seconds (0d 0h 0m 42s)

---------------  T H R E A D  ---------------

Current thread (0x00000158c797af80):  JavaThread "C1 CompilerThread0" daemon [_thread_in_native, id=7224, stack(0x0000000236900000,0x0000000236a00000) (1024K)]


Current CompileTask:
C1:42085 16436 %     3       com.sun.tools.javac.jvm.ClassReader::readClass @ 570 (663 bytes)

Stack: [0x0000000236900000,0x0000000236a00000]
Native frames: (J=compiled Java code, j=interpreted, Vv=VM code, C=native code)
V  [jvm.dll+0x6dfe69]  (no source info available)
V  [jvm.dll+0x8bfe4b]  (no source info available)
V  [jvm.dll+0x8c23da]  (no source info available)
V  [jvm.dll+0x8c2ab3]  (no source info available)
V  [jvm.dll+0x28a9e6]  (no source info available)
V  [jvm.dll+0xc903d]  (no source info available)
V  [jvm.dll+0xc958c]  (no source info available)
V  [jvm.dll+0x147a7b]  (no source info available)
V  [jvm.dll+0x146d77]  (no source info available)
V  [jvm.dll+0x1a2af6]  (no source info available)
V  [jvm.dll+0x1a2f63]  (no source info available)
V  [jvm.dll+0x15d191]  (no source info available)
V  [jvm.dll+0x15d3d6]  (no source info available)
V  [jvm.dll+0x15c5ec]  (no source info available)
V  [jvm.dll+0x15e3ad]  (no source info available)
V  [jvm.dll+0x26195a]  (no source info available)
V  [jvm.dll+0x25fcc5]  (no source info available)
V  [jvm.dll+0x402155]  (no source info available)
V  [jvm.dll+0x86ab8d]  (no source info available)
V  [jvm.dll+0x6e141d]  (no source info available)
C  [ucrtbase.dll+0x2268a]  (no source info available)
C  [KERNEL32.DLL+0x17ac4]  (no source info available)
C  [ntdll.dll+0x5a351]  (no source info available)


---------------  P R O C E S S  ---------------

Threads class SMR info:
_java_thread_list=0x00000158e880d2d0, length=55, elements={
0x00000158acbc4860, 0x00000158c7950e40, 0x00000158c7952ab0, 0x00000158c79542b0,
0x00000158c7954f10, 0x00000158c7959db0, 0x00000158c795cc40, 0x00000158c796e0b0,
0x00000158c797af80, 0x00000158c7b1b2f0, 0x00000158c7bd80e0, 0x00000158e33aef80,
0x00000158e1c30df0, 0x00000158e2549f90, 0x00000158e3308860, 0x00000158e2294f90,
0x00000158e32c4570, 0x00000158e2e7ae00, 0x00000158e2e7a0e0, 0x00000158e2e7a770,
0x00000158e2e793c0, 0x00000158e2e78d30, 0x00000158e2e79a50, 0x00000158e2e77980,
0x00000158e5f6eed0, 0x00000158e5f6f560, 0x00000158e5f74ab0, 0x00000158e5f70fa0,
0x00000158e5f757d0, 0x00000158e5f75e60, 0x00000158e5f764f0, 0x00000158e5f729e0,
0x00000158e5f73070, 0x00000158e5f6fbf0, 0x00000158e5f73700, 0x00000158e5f71cc0,
0x00000158e5f73d90, 0x00000158e5f74420, 0x00000158e5f70280, 0x00000158e5f70910,
0x00000158e465e0d0, 0x00000158e4657140, 0x00000158e4658b80, 0x00000158e465e760,
0x00000158e4659210, 0x00000158e46598a0, 0x00000158e465d3b0, 0x00000158e465da40,
0x00000158e465b970, 0x00000158e2662140, 0x00000158e26627d0, 0x00000158e2661ab0,
0x00000158e2662e60, 0x00000158e6fe21b0, 0x00000158e4cb9db0
}

Java Threads: ( => current thread )
  0x00000158acbc4860 JavaThread "main"                              [_thread_blocked, id=27060, stack(0x0000000235a00000,0x0000000235b00000) (1024K)]
  0x00000158c7950e40 JavaThread "Reference Handler"          daemon [_thread_blocked, id=18668, stack(0x0000000236200000,0x0000000236300000) (1024K)]
  0x00000158c7952ab0 JavaThread "Finalizer"                  daemon [_thread_blocked, id=39836, stack(0x0000000236300000,0x0000000236400000) (1024K)]
  0x00000158c79542b0 JavaThread "Signal Dispatcher"          daemon [_thread_blocked, id=38252, stack(0x0000000236400000,0x0000000236500000) (1024K)]
  0x00000158c7954f10 JavaThread "Attach Listener"            daemon [_thread_blocked, id=38032, stack(0x0000000236500000,0x0000000236600000) (1024K)]
  0x00000158c7959db0 JavaThread "Service Thread"             daemon [_thread_blocked, id=37136, stack(0x0000000236600000,0x0000000236700000) (1024K)]
  0x00000158c795cc40 JavaThread "Monitor Deflation Thread"   daemon [_thread_blocked, id=6876, stack(0x0000000236700000,0x0000000236800000) (1024K)]
  0x00000158c796e0b0 JavaThread "C2 CompilerThread0"         daemon [_thread_in_native, id=37728, stack(0x0000000236800000,0x0000000236900000) (1024K)]
=>0x00000158c797af80 JavaThread "C1 CompilerThread0"         daemon [_thread_in_native, id=7224, stack(0x0000000236900000,0x0000000236a00000) (1024K)]
  0x00000158c7b1b2f0 JavaThread "Common-Cleaner"             daemon [_thread_blocked, id=37708, stack(0x0000000236a00000,0x0000000236b00000) (1024K)]
  0x00000158c7bd80e0 JavaThread "Notification Thread"        daemon [_thread_blocked, id=37604, stack(0x0000000236b00000,0x0000000236c00000) (1024K)]
  0x00000158e33aef80 JavaThread "Daemon health stats"               [_thread_blocked, id=37552, stack(0x0000000237000000,0x0000000237100000) (1024K)]
  0x00000158e1c30df0 JavaThread "Incoming local TCP Connector on port 56248"        [_thread_in_native, id=36692, stack(0x0000000237100000,0x0000000237200000) (1024K)]
  0x00000158e2549f90 JavaThread "Daemon periodic checks"            [_thread_blocked, id=37572, stack(0x0000000237200000,0x0000000237300000) (1024K)]
  0x00000158e3308860 JavaThread "Daemon"                            [_thread_blocked, id=37636, stack(0x0000000237300000,0x0000000237400000) (1024K)]
  0x00000158e2294f90 JavaThread "Handler for socket connection from /127.0.0.1:56248 to /127.0.0.1:56249"        [_thread_in_native, id=37680, stack(0x0000000237400000,0x0000000237500000) (1024K)]
  0x00000158e32c4570 JavaThread "Cancel handler"                    [_thread_blocked, id=38844, stack(0x0000000237500000,0x0000000237600000) (1024K)]
  0x00000158e2e7ae00 JavaThread "Daemon worker"                     [_thread_blocked, id=10060, stack(0x0000000237600000,0x0000000237700000) (1024K)]
  0x00000158e2e7a0e0 JavaThread "Asynchronous log dispatcher for DefaultDaemonConnection: socket connection from /127.0.0.1:56248 to /127.0.0.1:56249"        [_thread_blocked, id=28360, stack(0x0000000237700000,0x0000000237800000) (1024K)]
  0x00000158e2e7a770 JavaThread "Stdin handler"                     [_thread_blocked, id=31980, stack(0x0000000237800000,0x0000000237900000) (1024K)]
  0x00000158e2e793c0 JavaThread "Daemon client event forwarder"        [_thread_blocked, id=15900, stack(0x0000000237900000,0x0000000237a00000) (1024K)]
  0x00000158e2e78d30 JavaThread "Cache worker for journal cache (C:\Users\Administrator\.gradle\caches\journal-1)"        [_thread_blocked, id=38304, stack(0x0000000237a00000,0x0000000237b00000) (1024K)]
  0x00000158e2e79a50 JavaThread "File lock request listener"        [_thread_in_native, id=15212, stack(0x0000000237b00000,0x0000000237c00000) (1024K)]
  0x00000158e2e77980 JavaThread "Cache worker for file hash cache (C:\Users\Administrator\.gradle\caches\9.7.1\fileHashes)"        [_thread_blocked, id=25144, stack(0x0000000237c00000,0x0000000237d00000) (1024K)]
  0x00000158e5f6eed0 JavaThread "Cache worker for file hash cache (D:\ComicWorm\comicworm\.gradle\9.7.1\fileHashes)"        [_thread_blocked, id=38824, stack(0x0000000237d00000,0x0000000237e00000) (1024K)]
  0x00000158e5f6f560 JavaThread "Cache worker for Build Output Cleanup Cache (D:\ComicWorm\comicworm\.gradle\buildOutputCleanup)"        [_thread_blocked, id=30312, stack(0x0000000237e00000,0x0000000237f00000) (1024K)]
  0x00000158e5f74ab0 JavaThread "File watcher server"        daemon [_thread_in_native, id=36736, stack(0x0000000237f00000,0x0000000238000000) (1024K)]
  0x00000158e5f70fa0 JavaThread "File watcher consumer"      daemon [_thread_blocked, id=37372, stack(0x0000000238000000,0x0000000238100000) (1024K)]
  0x00000158e5f757d0 JavaThread "Cache worker for file content cache (C:\Users\Administrator\.gradle\caches\9.7.1\fileContent)"        [_thread_blocked, id=39560, stack(0x0000000238100000,0x0000000238200000) (1024K)]
  0x00000158e5f75e60 JavaThread "Cache worker for checksums cache (D:\ComicWorm\comicworm\.gradle\9.7.1\checksums)"        [_thread_blocked, id=38796, stack(0x0000000238200000,0x0000000238300000) (1024K)]
  0x00000158e5f764f0 JavaThread "Cache worker for cache directory md-supplier (C:\Users\Administrator\.gradle\caches\9.7.1\md-supplier)"        [_thread_blocked, id=31204, stack(0x0000000236c00000,0x0000000236d00000) (1024K)]
  0x00000158e5f729e0 JavaThread "Cache worker for cache directory md-rule (C:\Users\Administrator\.gradle\caches\9.7.1\md-rule)"        [_thread_blocked, id=31092, stack(0x0000000238300000,0x0000000238400000) (1024K)]
  0x00000158e5f73070 JavaThread "jar transforms"                    [_thread_blocked, id=38208, stack(0x0000000238500000,0x0000000238600000) (1024K)]
  0x00000158e5f6fbf0 JavaThread "jar transforms Thread 2"           [_thread_blocked, id=14564, stack(0x0000000238600000,0x0000000238700000) (1024K)]
  0x00000158e5f73700 JavaThread "jar transforms Thread 3"           [_thread_blocked, id=2400, stack(0x0000000238700000,0x0000000238800000) (1024K)]
  0x00000158e5f71cc0 JavaThread "Build operations"                  [_thread_blocked, id=38196, stack(0x0000000238800000,0x0000000238900000) (1024K)]
  0x00000158e5f73d90 JavaThread "Build operations Thread 2"         [_thread_blocked, id=24204, stack(0x0000000238900000,0x0000000238a00000) (1024K)]
  0x00000158e5f74420 JavaThread "Build operations Thread 3"         [_thread_blocked, id=6036, stack(0x0000000238a00000,0x0000000238b00000) (1024K)]
  0x00000158e5f70280 JavaThread "Build operations Thread 4"         [_thread_blocked, id=22072, stack(0x0000000238b00000,0x0000000238c00000) (1024K)]
  0x00000158e5f70910 JavaThread "jar transforms Thread 4"           [_thread_blocked, id=21032, stack(0x0000000238c00000,0x0000000238d00000) (1024K)]
  0x00000158e465e0d0 JavaThread "Memory manager"                    [_thread_blocked, id=19204, stack(0x0000000238d00000,0x0000000238e00000) (1024K)]
  0x00000158e4657140 JavaThread "ForkJoinPool.commonPool-worker-1" daemon [_thread_blocked, id=6944, stack(0x0000000238e00000,0x0000000238f00000) (1024K)]
  0x00000158e4658b80 JavaThread "ForkJoinPool.commonPool-worker-2" daemon [_thread_blocked, id=29072, stack(0x0000000238f00000,0x0000000239000000) (1024K)]
  0x00000158e465e760 JavaThread "ForkJoinPool.commonPool-worker-3" daemon [_thread_blocked, id=7384, stack(0x0000000239000000,0x0000000239100000) (1024K)]
  0x00000158e4659210 JavaThread "Exec process"                      [_thread_blocked, id=27708, stack(0x0000000239100000,0x0000000239200000) (1024K)]
  0x00000158e46598a0 JavaThread "Exec process Thread 2"             [_thread_blocked, id=28296, stack(0x0000000239200000,0x0000000239300000) (1024K)]
  0x00000158e465d3b0 JavaThread "Exec process Thread 3"             [_thread_blocked, id=38164, stack(0x0000000239300000,0x0000000239400000) (1024K)]
  0x00000158e465da40 JavaThread "included builds"                   [_thread_blocked, id=39400, stack(0x0000000239400000,0x0000000239500000) (1024K)]
  0x00000158e465b970 JavaThread "Execution worker"                  [_thread_in_Java, id=9024, stack(0x0000000239500000,0x0000000239600000) (1024K)]
  0x00000158e2662140 JavaThread "Execution worker Thread 2"         [_thread_blocked, id=39032, stack(0x0000000239600000,0x0000000239700000) (1024K)]
  0x00000158e26627d0 JavaThread "Execution worker Thread 3"         [_thread_blocked, id=38040, stack(0x0000000239700000,0x0000000239800000) (1024K)]
  0x00000158e2661ab0 JavaThread "Cache worker for execution history cache (D:\ComicWorm\comicworm\.gradle\9.7.1\executionHistory)"        [_thread_blocked, id=30164, stack(0x0000000239800000,0x0000000239900000) (1024K)]
  0x00000158e2662e60 JavaThread "Cache worker for Java compile cache (C:\Users\Administrator\.gradle\caches\9.7.1\javaCompile)"        [_thread_blocked, id=25052, stack(0x0000000239900000,0x0000000239a00000) (1024K)]
  0x00000158e6fe21b0 JavaThread "Problems report writer"            [_thread_blocked, id=22020, stack(0x0000000239a00000,0x0000000239b00000) (1024K)]
  0x00000158e4cb9db0 JavaThread "C2 CompilerThread1"         daemon [_thread_in_native, id=38568, stack(0x0000000238400000,0x0000000238500000) (1024K)]
Total: 55

Other Threads:
  0x00000158c793e1e0 VMThread "VM Thread"                           [id=27552, stack(0x0000000236100000,0x0000000236200000) (1024K)]
  0x00000158c79271f0 WatcherThread "VM Periodic Task Thread"        [id=26732, stack(0x0000000236000000,0x0000000236100000) (1024K)]
  0x00000158acbf2020 WorkerThread "GC Thread#0"                     [id=4516, stack(0x0000000235b00000,0x0000000235c00000) (1024K)]
  0x00000158e1337150 WorkerThread "GC Thread#1"                     [id=36220, stack(0x0000000236d00000,0x0000000236e00000) (1024K)]
  0x00000158e1337500 WorkerThread "GC Thread#2"                     [id=39172, stack(0x0000000236e00000,0x0000000236f00000) (1024K)]
  0x00000158e13f5390 WorkerThread "GC Thread#3"                     [id=25540, stack(0x0000000236f00000,0x0000000237000000) (1024K)]
  0x00000158acc074f0 ConcurrentGCThread "G1 Main Marker"            [id=36424, stack(0x0000000235c00000,0x0000000235d00000) (1024K)]
  0x00000158aacaaf60 WorkerThread "G1 Conc#0"                       [id=36472, stack(0x0000000235d00000,0x0000000235e00000) (1024K)]
  0x00000158c77fa2e0 ConcurrentGCThread "G1 Refine#0"               [id=30424, stack(0x0000000235e00000,0x0000000235f00000) (1024K)]
  0x00000158c77fab10 ConcurrentGCThread "G1 Service"                [id=39728, stack(0x0000000235f00000,0x0000000236000000) (1024K)]
Total: 10

Threads with active compile tasks:
C2 CompilerThread0  42139 16391   !   4       lombok.javac.JavacAST::drill (146 bytes)
C1 CompilerThread0  42139 16436 %     3       com.sun.tools.javac.jvm.ClassReader::readClass @ 570 (663 bytes)
C2 CompilerThread1  42139 16378       4       lombok.core.AST::buildWithField (21 bytes)
Total: 3

VM state: not at safepoint (normal execution)

VM Mutex/Monitor currently owned by a thread: None

Heap address: 0x00000000e0000000, size: 512 MB, Compressed Oops mode: 32-bit

CDS archive(s) mapped at: [0x00000158c8000000-0x00000158c8c80000-0x00000158c8c80000), size 13107200, SharedBaseAddress: 0x00000158c8000000, ArchiveRelocationMode: 1.
Compressed class space mapped at: 0x00000158c9000000-0x00000158dd000000, reserved size: 335544320
Narrow klass base: 0x00000158c8000000, Narrow klass shift: 0, Narrow klass range: 0x100000000

GC Precious Log:
 CardTable entry size: 512
 Card Set container configuration: InlinePtr #cards 5 size 8 Array Of Cards #cards 12 size 40 Howl #buckets 4 coarsen threshold 1843 Howl Bitmap #cards 512 size 80 coarsen threshold 460 Card regions per heap region 1 cards per card region 2048
 CPUs: 4 total, 4 available
 Memory: 8064M
 Large Page Support: Disabled
 NUMA Support: Disabled
 Compressed Oops: Enabled (32-bit)
 Heap Region Size: 1M
 Heap Min Capacity: 256M
 Heap Initial Capacity: 256M
 Heap Max Capacity: 512M
 Pre-touch: Disabled
 Parallel Workers: 4
 Concurrent Workers: 1
 Concurrent Refinement Workers: 4
 Periodic GC: Disabled

Heap:
 garbage-first heap   total 266240K, used 184201K [0x00000000e0000000, 0x0000000100000000)
  region size 1024K, 87 young (89088K), 19 survivors (19456K)
 Metaspace       used 83339K, committed 86080K, reserved 458752K
  class space    used 11533K, committed 12864K, reserved 327680K

Heap Regions: E=young(eden), S=young(survivor), O=old, HS=humongous(starts), HC=humongous(continues), CS=collection set, F=free, TAMS=top-at-mark-start, PB=parsable bottom
|   0|0x00000000e0000000, 0x00000000e0100000, 0x00000000e0100000|100%| O|  |TAMS 0x00000000e0000000| PB 0x00000000e0000000| Untracked 
|   1|0x00000000e0100000, 0x00000000e0200000, 0x00000000e0200000|100%|HS|  |TAMS 0x00000000e0100000| PB 0x00000000e0100000| Complete 
|   2|0x00000000e0200000, 0x00000000e0300000, 0x00000000e0300000|100%|HC|  |TAMS 0x00000000e0200000| PB 0x00000000e0200000| Complete 
|   3|0x00000000e0300000, 0x00000000e0400000, 0x00000000e0400000|100%|HC|  |TAMS 0x00000000e0300000| PB 0x00000000e0300000| Complete 
|   4|0x00000000e0400000, 0x00000000e0500000, 0x00000000e0500000|100%|HC|  |TAMS 0x00000000e0400000| PB 0x00000000e0400000| Complete 
|   5|0x00000000e0500000, 0x00000000e0600000, 0x00000000e0600000|100%| O|  |TAMS 0x00000000e0500000| PB 0x00000000e0500000| Untracked 
|   6|0x00000000e0600000, 0x00000000e0700000, 0x00000000e0700000|100%| O|  |TAMS 0x00000000e0600000| PB 0x00000000e0600000| Untracked 
|   7|0x00000000e0700000, 0x00000000e0800000, 0x00000000e0800000|100%| O|  |TAMS 0x00000000e0700000| PB 0x00000000e0700000| Untracked 
|   8|0x00000000e0800000, 0x00000000e0900000, 0x00000000e0900000|100%| O|  |TAMS 0x00000000e0800000| PB 0x00000000e0800000| Untracked 
|   9|0x00000000e0900000, 0x00000000e0a00000, 0x00000000e0a00000|100%|HS|  |TAMS 0x00000000e0900000| PB 0x00000000e0900000| Complete 
|  10|0x00000000e0a00000, 0x00000000e0b00000, 0x00000000e0b00000|100%| O|  |TAMS 0x00000000e0a00000| PB 0x00000000e0a00000| Untracked 
|  11|0x00000000e0b00000, 0x00000000e0c00000, 0x00000000e0c00000|100%| O|  |TAMS 0x00000000e0b00000| PB 0x00000000e0b00000| Untracked 
|  12|0x00000000e0c00000, 0x00000000e0d00000, 0x00000000e0d00000|100%| O|  |TAMS 0x00000000e0c00000| PB 0x00000000e0c00000| Untracked 
|  13|0x00000000e0d00000, 0x00000000e0e00000, 0x00000000e0e00000|100%| O|  |TAMS 0x00000000e0d00000| PB 0x00000000e0d00000| Untracked 
|  14|0x00000000e0e00000, 0x00000000e0f00000, 0x00000000e0f00000|100%| O|  |TAMS 0x00000000e0e00000| PB 0x00000000e0e00000| Untracked 
|  15|0x00000000e0f00000, 0x00000000e1000000, 0x00000000e1000000|100%| O|  |TAMS 0x00000000e0f00000| PB 0x00000000e0f00000| Untracked 
|  16|0x00000000e1000000, 0x00000000e1100000, 0x00000000e1100000|100%| O|  |TAMS 0x00000000e1000000| PB 0x00000000e1000000| Untracked 
|  17|0x00000000e1100000, 0x00000000e1200000, 0x00000000e1200000|100%| O|  |TAMS 0x00000000e1100000| PB 0x00000000e1100000| Untracked 
|  18|0x00000000e1200000, 0x00000000e1300000, 0x00000000e1300000|100%| O|  |TAMS 0x00000000e1200000| PB 0x00000000e1200000| Untracked 
|  19|0x00000000e1300000, 0x00000000e1400000, 0x00000000e1400000|100%| O|  |TAMS 0x00000000e1300000| PB 0x00000000e1300000| Untracked 
|  20|0x00000000e1400000, 0x00000000e1500000, 0x00000000e1500000|100%| O|  |TAMS 0x00000000e1400000| PB 0x00000000e1400000| Untracked 
|  21|0x00000000e1500000, 0x00000000e1600000, 0x00000000e1600000|100%| O|  |TAMS 0x00000000e1500000| PB 0x00000000e1500000| Untracked 
|  22|0x00000000e1600000, 0x00000000e1700000, 0x00000000e1700000|100%| O|  |TAMS 0x00000000e1600000| PB 0x00000000e1600000| Untracked 
|  23|0x00000000e1700000, 0x00000000e1800000, 0x00000000e1800000|100%| O|  |TAMS 0x00000000e1700000| PB 0x00000000e1700000| Untracked 
|  24|0x00000000e1800000, 0x00000000e1900000, 0x00000000e1900000|100%| O|  |TAMS 0x00000000e1800000| PB 0x00000000e1800000| Untracked 
|  25|0x00000000e1900000, 0x00000000e1a00000, 0x00000000e1a00000|100%|HS|  |TAMS 0x00000000e1900000| PB 0x00000000e1900000| Complete 
|  26|0x00000000e1a00000, 0x00000000e1b00000, 0x00000000e1b00000|100%|HC|  |TAMS 0x00000000e1a00000| PB 0x00000000e1a00000| Complete 
|  27|0x00000000e1b00000, 0x00000000e1c00000, 0x00000000e1c00000|100%| O|  |TAMS 0x00000000e1b00000| PB 0x00000000e1b00000| Untracked 
|  28|0x00000000e1c00000, 0x00000000e1d00000, 0x00000000e1d00000|100%| O|  |TAMS 0x00000000e1c00000| PB 0x00000000e1c00000| Untracked 
|  29|0x00000000e1d00000, 0x00000000e1e00000, 0x00000000e1e00000|100%| O|  |TAMS 0x00000000e1d00000| PB 0x00000000e1d00000| Untracked 
|  30|0x00000000e1e00000, 0x00000000e1f00000, 0x00000000e1f00000|100%| O|  |TAMS 0x00000000e1e00000| PB 0x00000000e1e00000| Untracked 
|  31|0x00000000e1f00000, 0x00000000e2000000, 0x00000000e2000000|100%| O|  |TAMS 0x00000000e1f00000| PB 0x00000000e1f00000| Untracked 
|  32|0x00000000e2000000, 0x00000000e2100000, 0x00000000e2100000|100%| O|  |TAMS 0x00000000e2000000| PB 0x00000000e2000000| Untracked 
|  33|0x00000000e2100000, 0x00000000e2200000, 0x00000000e2200000|100%| O|  |TAMS 0x00000000e2100000| PB 0x00000000e2100000| Untracked 
|  34|0x00000000e2200000, 0x00000000e2300000, 0x00000000e2300000|100%| O|  |TAMS 0x00000000e2200000| PB 0x00000000e2200000| Untracked 
|  35|0x00000000e2300000, 0x00000000e2400000, 0x00000000e2400000|100%| O|  |TAMS 0x00000000e2300000| PB 0x00000000e2300000| Untracked 
|  36|0x00000000e2400000, 0x00000000e2500000, 0x00000000e2500000|100%| O|  |TAMS 0x00000000e2400000| PB 0x00000000e2400000| Untracked 
|  37|0x00000000e2500000, 0x00000000e2600000, 0x00000000e2600000|100%| O|  |TAMS 0x00000000e2500000| PB 0x00000000e2500000| Untracked 
|  38|0x00000000e2600000, 0x00000000e2700000, 0x00000000e2700000|100%| O|  |TAMS 0x00000000e2600000| PB 0x00000000e2600000| Untracked 
|  39|0x00000000e2700000, 0x00000000e2800000, 0x00000000e2800000|100%| O|  |TAMS 0x00000000e2700000| PB 0x00000000e2700000| Untracked 
|  40|0x00000000e2800000, 0x00000000e2900000, 0x00000000e2900000|100%| O|  |TAMS 0x00000000e2800000| PB 0x00000000e2800000| Untracked 
|  41|0x00000000e2900000, 0x00000000e2a00000, 0x00000000e2a00000|100%| O|  |TAMS 0x00000000e2900000| PB 0x00000000e2900000| Untracked 
|  42|0x00000000e2a00000, 0x00000000e2b00000, 0x00000000e2b00000|100%| O|  |TAMS 0x00000000e2a00000| PB 0x00000000e2a00000| Untracked 
|  43|0x00000000e2b00000, 0x00000000e2c00000, 0x00000000e2c00000|100%| O|  |TAMS 0x00000000e2b00000| PB 0x00000000e2b00000| Untracked 
|  44|0x00000000e2c00000, 0x00000000e2d00000, 0x00000000e2d00000|100%|HS|  |TAMS 0x00000000e2c00000| PB 0x00000000e2c00000| Complete 
|  45|0x00000000e2d00000, 0x00000000e2e00000, 0x00000000e2e00000|100%| O|  |TAMS 0x00000000e2d00000| PB 0x00000000e2d00000| Untracked 
|  46|0x00000000e2e00000, 0x00000000e2f00000, 0x00000000e2f00000|100%| O|  |TAMS 0x00000000e2e00000| PB 0x00000000e2e00000| Untracked 
|  47|0x00000000e2f00000, 0x00000000e3000000, 0x00000000e3000000|100%| O|  |TAMS 0x00000000e2f00000| PB 0x00000000e2f00000| Untracked 
|  48|0x00000000e3000000, 0x00000000e3100000, 0x00000000e3100000|100%| O|  |TAMS 0x00000000e3000000| PB 0x00000000e3000000| Untracked 
|  49|0x00000000e3100000, 0x00000000e3200000, 0x00000000e3200000|100%| O|  |TAMS 0x00000000e3100000| PB 0x00000000e3100000| Untracked 
|  50|0x00000000e3200000, 0x00000000e3300000, 0x00000000e3300000|100%| O|  |TAMS 0x00000000e3200000| PB 0x00000000e3200000| Untracked 
|  51|0x00000000e3300000, 0x00000000e3400000, 0x00000000e3400000|100%| O|  |TAMS 0x00000000e3300000| PB 0x00000000e3300000| Untracked 
|  52|0x00000000e3400000, 0x00000000e3500000, 0x00000000e3500000|100%| O|  |TAMS 0x00000000e3400000| PB 0x00000000e3400000| Untracked 
|  53|0x00000000e3500000, 0x00000000e3600000, 0x00000000e3600000|100%| O|  |TAMS 0x00000000e3500000| PB 0x00000000e3500000| Untracked 
|  54|0x00000000e3600000, 0x00000000e3700000, 0x00000000e3700000|100%| O|  |TAMS 0x00000000e3600000| PB 0x00000000e3600000| Untracked 
|  55|0x00000000e3700000, 0x00000000e3800000, 0x00000000e3800000|100%| O|  |TAMS 0x00000000e3700000| PB 0x00000000e3700000| Untracked 
|  56|0x00000000e3800000, 0x00000000e3900000, 0x00000000e3900000|100%| O|  |TAMS 0x00000000e3800000| PB 0x00000000e3800000| Untracked 
|  57|0x00000000e3900000, 0x00000000e3a00000, 0x00000000e3a00000|100%| O|  |TAMS 0x00000000e3900000| PB 0x00000000e3900000| Untracked 
|  58|0x00000000e3a00000, 0x00000000e3b00000, 0x00000000e3b00000|100%| O|  |TAMS 0x00000000e3a00000| PB 0x00000000e3a00000| Untracked 
|  59|0x00000000e3b00000, 0x00000000e3c00000, 0x00000000e3c00000|100%| O|  |TAMS 0x00000000e3b00000| PB 0x00000000e3b00000| Untracked 
|  60|0x00000000e3c00000, 0x00000000e3d00000, 0x00000000e3d00000|100%| O|  |TAMS 0x00000000e3c00000| PB 0x00000000e3c00000| Untracked 
|  61|0x00000000e3d00000, 0x00000000e3e00000, 0x00000000e3e00000|100%| O|  |TAMS 0x00000000e3d00000| PB 0x00000000e3d00000| Untracked 
|  62|0x00000000e3e00000, 0x00000000e3f00000, 0x00000000e3f00000|100%| O|  |TAMS 0x00000000e3e00000| PB 0x00000000e3e00000| Untracked 
|  63|0x00000000e3f00000, 0x00000000e4000000, 0x00000000e4000000|100%| O|  |TAMS 0x00000000e3f00000| PB 0x00000000e3f00000| Untracked 
|  64|0x00000000e4000000, 0x00000000e4100000, 0x00000000e4100000|100%| O|  |TAMS 0x00000000e4000000| PB 0x00000000e4000000| Untracked 
|  65|0x00000000e4100000, 0x00000000e4200000, 0x00000000e4200000|100%| O|  |TAMS 0x00000000e4100000| PB 0x00000000e4100000| Untracked 
|  66|0x00000000e4200000, 0x00000000e4300000, 0x00000000e4300000|100%| O|  |TAMS 0x00000000e4200000| PB 0x00000000e4200000| Untracked 
|  67|0x00000000e4300000, 0x00000000e4400000, 0x00000000e4400000|100%| O|  |TAMS 0x00000000e4300000| PB 0x00000000e4300000| Untracked 
|  68|0x00000000e4400000, 0x00000000e4500000, 0x00000000e4500000|100%| O|  |TAMS 0x00000000e4400000| PB 0x00000000e4400000| Untracked 
|  69|0x00000000e4500000, 0x00000000e4600000, 0x00000000e4600000|100%| O|  |TAMS 0x00000000e4500000| PB 0x00000000e4500000| Untracked 
|  70|0x00000000e4600000, 0x00000000e4700000, 0x00000000e4700000|100%| O|  |TAMS 0x00000000e4600000| PB 0x00000000e4600000| Untracked 
|  71|0x00000000e4700000, 0x00000000e4800000, 0x00000000e4800000|100%| O|  |TAMS 0x00000000e4700000| PB 0x00000000e4700000| Untracked 
|  72|0x00000000e4800000, 0x00000000e4900000, 0x00000000e4900000|100%| O|  |TAMS 0x00000000e4800000| PB 0x00000000e4800000| Untracked 
|  73|0x00000000e4900000, 0x00000000e4a00000, 0x00000000e4a00000|100%| O|  |TAMS 0x00000000e4900000| PB 0x00000000e4900000| Untracked 
|  74|0x00000000e4a00000, 0x00000000e4b00000, 0x00000000e4b00000|100%| O|  |TAMS 0x00000000e4a00000| PB 0x00000000e4a00000| Untracked 
|  75|0x00000000e4b00000, 0x00000000e4c00000, 0x00000000e4c00000|100%| O|  |TAMS 0x00000000e4b00000| PB 0x00000000e4b00000| Untracked 
|  76|0x00000000e4c00000, 0x00000000e4d00000, 0x00000000e4d00000|100%| O|  |TAMS 0x00000000e4c00000| PB 0x00000000e4c00000| Untracked 
|  77|0x00000000e4d00000, 0x00000000e4e00000, 0x00000000e4e00000|100%| O|  |TAMS 0x00000000e4d00000| PB 0x00000000e4d00000| Untracked 
|  78|0x00000000e4e00000, 0x00000000e4f00000, 0x00000000e4f00000|100%| O|  |TAMS 0x00000000e4e00000| PB 0x00000000e4e00000| Untracked 
|  79|0x00000000e4f00000, 0x00000000e5000000, 0x00000000e5000000|100%| O|  |TAMS 0x00000000e4f00000| PB 0x00000000e4f00000| Untracked 
|  80|0x00000000e5000000, 0x00000000e5100000, 0x00000000e5100000|100%| O|  |TAMS 0x00000000e5000000| PB 0x00000000e5000000| Untracked 
|  81|0x00000000e5100000, 0x00000000e5100000, 0x00000000e5200000|  0%| F|  |TAMS 0x00000000e5100000| PB 0x00000000e5100000| Untracked 
|  82|0x00000000e5200000, 0x00000000e5300000, 0x00000000e5300000|100%|HS|  |TAMS 0x00000000e5200000| PB 0x00000000e5200000| Complete 
|  83|0x00000000e5300000, 0x00000000e5400000, 0x00000000e5400000|100%| O|  |TAMS 0x00000000e5300000| PB 0x00000000e5300000| Untracked 
|  84|0x00000000e5400000, 0x00000000e5500000, 0x00000000e5500000|100%| O|  |TAMS 0x00000000e5400000| PB 0x00000000e5400000| Untracked 
|  85|0x00000000e5500000, 0x00000000e5600000, 0x00000000e5600000|100%| O|  |TAMS 0x00000000e5500000| PB 0x00000000e5500000| Untracked 
|  86|0x00000000e5600000, 0x00000000e5700000, 0x00000000e5700000|100%| O|  |TAMS 0x00000000e5600000| PB 0x00000000e5600000| Untracked 
|  87|0x00000000e5700000, 0x00000000e5800000, 0x00000000e5800000|100%| O|  |TAMS 0x00000000e5700000| PB 0x00000000e5700000| Untracked 
|  88|0x00000000e5800000, 0x00000000e5900000, 0x00000000e5900000|100%| O|  |TAMS 0x00000000e5800000| PB 0x00000000e5800000| Untracked 
|  89|0x00000000e5900000, 0x00000000e5a00000, 0x00000000e5a00000|100%| O|  |TAMS 0x00000000e5900000| PB 0x00000000e5900000| Untracked 
|  90|0x00000000e5a00000, 0x00000000e5b00000, 0x00000000e5b00000|100%| O|  |TAMS 0x00000000e5a00000| PB 0x00000000e5a00000| Untracked 
|  91|0x00000000e5b00000, 0x00000000e5c00000, 0x00000000e5c00000|100%| O|  |TAMS 0x00000000e5b00000| PB 0x00000000e5b00000| Untracked 
|  92|0x00000000e5c00000, 0x00000000e5d00000, 0x00000000e5d00000|100%| S|CS|TAMS 0x00000000e5c00000| PB 0x00000000e5c00000| Complete 
|  93|0x00000000e5d00000, 0x00000000e5e00000, 0x00000000e5e00000|100%| S|CS|TAMS 0x00000000e5d00000| PB 0x00000000e5d00000| Complete 
|  94|0x00000000e5e00000, 0x00000000e5f00000, 0x00000000e5f00000|100%| S|CS|TAMS 0x00000000e5e00000| PB 0x00000000e5e00000| Complete 
|  95|0x00000000e5f00000, 0x00000000e6000000, 0x00000000e6000000|100%| S|CS|TAMS 0x00000000e5f00000| PB 0x00000000e5f00000| Complete 
|  96|0x00000000e6000000, 0x00000000e6100000, 0x00000000e6100000|100%| S|CS|TAMS 0x00000000e6000000| PB 0x00000000e6000000| Complete 
|  97|0x00000000e6100000, 0x00000000e6200000, 0x00000000e6200000|100%| S|CS|TAMS 0x00000000e6100000| PB 0x00000000e6100000| Complete 
|  98|0x00000000e6200000, 0x00000000e6300000, 0x00000000e6300000|100%| S|CS|TAMS 0x00000000e6200000| PB 0x00000000e6200000| Complete 
|  99|0x00000000e6300000, 0x00000000e6400000, 0x00000000e6400000|100%| S|CS|TAMS 0x00000000e6300000| PB 0x00000000e6300000| Complete 
| 100|0x00000000e6400000, 0x00000000e6500000, 0x00000000e6500000|100%| S|CS|TAMS 0x00000000e6400000| PB 0x00000000e6400000| Complete 
| 101|0x00000000e6500000, 0x00000000e6600000, 0x00000000e6600000|100%| S|CS|TAMS 0x00000000e6500000| PB 0x00000000e6500000| Complete 
| 102|0x00000000e6600000, 0x00000000e6700000, 0x00000000e6700000|100%| S|CS|TAMS 0x00000000e6600000| PB 0x00000000e6600000| Complete 
| 103|0x00000000e6700000, 0x00000000e6800000, 0x00000000e6800000|100%| S|CS|TAMS 0x00000000e6700000| PB 0x00000000e6700000| Complete 
| 104|0x00000000e6800000, 0x00000000e6900000, 0x00000000e6900000|100%| S|CS|TAMS 0x00000000e6800000| PB 0x00000000e6800000| Complete 
| 105|0x00000000e6900000, 0x00000000e6900000, 0x00000000e6a00000|  0%| F|  |TAMS 0x00000000e6900000| PB 0x00000000e6900000| Untracked 
| 106|0x00000000e6a00000, 0x00000000e6a00000, 0x00000000e6b00000|  0%| F|  |TAMS 0x00000000e6a00000| PB 0x00000000e6a00000| Untracked 
| 107|0x00000000e6b00000, 0x00000000e6b00000, 0x00000000e6c00000|  0%| F|  |TAMS 0x00000000e6b00000| PB 0x00000000e6b00000| Untracked 
| 108|0x00000000e6c00000, 0x00000000e6c00000, 0x00000000e6d00000|  0%| F|  |TAMS 0x00000000e6c00000| PB 0x00000000e6c00000| Untracked 
| 109|0x00000000e6d00000, 0x00000000e6d00000, 0x00000000e6e00000|  0%| F|  |TAMS 0x00000000e6d00000| PB 0x00000000e6d00000| Untracked 
| 110|0x00000000e6e00000, 0x00000000e6e00000, 0x00000000e6f00000|  0%| F|  |TAMS 0x00000000e6e00000| PB 0x00000000e6e00000| Untracked 
| 111|0x00000000e6f00000, 0x00000000e6f00000, 0x00000000e7000000|  0%| F|  |TAMS 0x00000000e6f00000| PB 0x00000000e6f00000| Untracked 
| 112|0x00000000e7000000, 0x00000000e7000000, 0x00000000e7100000|  0%| F|  |TAMS 0x00000000e7000000| PB 0x00000000e7000000| Untracked 
| 113|0x00000000e7100000, 0x00000000e7100000, 0x00000000e7200000|  0%| F|  |TAMS 0x00000000e7100000| PB 0x00000000e7100000| Untracked 
| 114|0x00000000e7200000, 0x00000000e7200000, 0x00000000e7300000|  0%| F|  |TAMS 0x00000000e7200000| PB 0x00000000e7200000| Untracked 
| 115|0x00000000e7300000, 0x00000000e7300000, 0x00000000e7400000|  0%| F|  |TAMS 0x00000000e7300000| PB 0x00000000e7300000| Untracked 
| 116|0x00000000e7400000, 0x00000000e7500000, 0x00000000e7500000|100%| S|CS|TAMS 0x00000000e7400000| PB 0x00000000e7400000| Complete 
| 117|0x00000000e7500000, 0x00000000e7600000, 0x00000000e7600000|100%| S|CS|TAMS 0x00000000e7500000| PB 0x00000000e7500000| Complete 
| 118|0x00000000e7600000, 0x00000000e7700000, 0x00000000e7700000|100%| S|CS|TAMS 0x00000000e7600000| PB 0x00000000e7600000| Complete 
| 119|0x00000000e7700000, 0x00000000e7800000, 0x00000000e7800000|100%| S|CS|TAMS 0x00000000e7700000| PB 0x00000000e7700000| Complete 
| 120|0x00000000e7800000, 0x00000000e7900000, 0x00000000e7900000|100%| S|CS|TAMS 0x00000000e7800000| PB 0x00000000e7800000| Complete 
| 121|0x00000000e7900000, 0x00000000e7a00000, 0x00000000e7a00000|100%| S|CS|TAMS 0x00000000e7900000| PB 0x00000000e7900000| Complete 
| 122|0x00000000e7a00000, 0x00000000e7a00000, 0x00000000e7b00000|  0%| F|  |TAMS 0x00000000e7a00000| PB 0x00000000e7a00000| Untracked 
| 123|0x00000000e7b00000, 0x00000000e7b00000, 0x00000000e7c00000|  0%| F|  |TAMS 0x00000000e7b00000| PB 0x00000000e7b00000| Untracked 
| 124|0x00000000e7c00000, 0x00000000e7c00000, 0x00000000e7d00000|  0%| F|  |TAMS 0x00000000e7c00000| PB 0x00000000e7c00000| Untracked 
| 125|0x00000000e7d00000, 0x00000000e7d00000, 0x00000000e7e00000|  0%| F|  |TAMS 0x00000000e7d00000| PB 0x00000000e7d00000| Untracked 
| 126|0x00000000e7e00000, 0x00000000e7e00000, 0x00000000e7f00000|  0%| F|  |TAMS 0x00000000e7e00000| PB 0x00000000e7e00000| Untracked 
| 127|0x00000000e7f00000, 0x00000000e7f00000, 0x00000000e8000000|  0%| F|  |TAMS 0x00000000e7f00000| PB 0x00000000e7f00000| Untracked 
| 128|0x00000000e8000000, 0x00000000e8000000, 0x00000000e8100000|  0%| F|  |TAMS 0x00000000e8000000| PB 0x00000000e8000000| Untracked 
| 129|0x00000000e8100000, 0x00000000e8100000, 0x00000000e8200000|  0%| F|  |TAMS 0x00000000e8100000| PB 0x00000000e8100000| Untracked 
| 130|0x00000000e8200000, 0x00000000e8200000, 0x00000000e8300000|  0%| F|  |TAMS 0x00000000e8200000| PB 0x00000000e8200000| Untracked 
| 131|0x00000000e8300000, 0x00000000e8300000, 0x00000000e8400000|  0%| F|  |TAMS 0x00000000e8300000| PB 0x00000000e8300000| Untracked 
| 132|0x00000000e8400000, 0x00000000e8400000, 0x00000000e8500000|  0%| F|  |TAMS 0x00000000e8400000| PB 0x00000000e8400000| Untracked 
| 133|0x00000000e8500000, 0x00000000e8500000, 0x00000000e8600000|  0%| F|  |TAMS 0x00000000e8500000| PB 0x00000000e8500000| Untracked 
| 134|0x00000000e8600000, 0x00000000e8600000, 0x00000000e8700000|  0%| F|  |TAMS 0x00000000e8600000| PB 0x00000000e8600000| Untracked 
| 135|0x00000000e8700000, 0x00000000e8700000, 0x00000000e8800000|  0%| F|  |TAMS 0x00000000e8700000| PB 0x00000000e8700000| Untracked 
| 136|0x00000000e8800000, 0x00000000e8800000, 0x00000000e8900000|  0%| F|  |TAMS 0x00000000e8800000| PB 0x00000000e8800000| Untracked 
| 137|0x00000000e8900000, 0x00000000e8900000, 0x00000000e8a00000|  0%| F|  |TAMS 0x00000000e8900000| PB 0x00000000e8900000| Untracked 
| 138|0x00000000e8a00000, 0x00000000e8a00000, 0x00000000e8b00000|  0%| F|  |TAMS 0x00000000e8a00000| PB 0x00000000e8a00000| Untracked 
| 139|0x00000000e8b00000, 0x00000000e8b00000, 0x00000000e8c00000|  0%| F|  |TAMS 0x00000000e8b00000| PB 0x00000000e8b00000| Untracked 
| 140|0x00000000e8c00000, 0x00000000e8c00000, 0x00000000e8d00000|  0%| F|  |TAMS 0x00000000e8c00000| PB 0x00000000e8c00000| Untracked 
| 141|0x00000000e8d00000, 0x00000000e8d00000, 0x00000000e8e00000|  0%| F|  |TAMS 0x00000000e8d00000| PB 0x00000000e8d00000| Untracked 
| 142|0x00000000e8e00000, 0x00000000e8e00000, 0x00000000e8f00000|  0%| F|  |TAMS 0x00000000e8e00000| PB 0x00000000e8e00000| Untracked 
| 143|0x00000000e8f00000, 0x00000000e8f00000, 0x00000000e9000000|  0%| F|  |TAMS 0x00000000e8f00000| PB 0x00000000e8f00000| Untracked 
| 144|0x00000000e9000000, 0x00000000e9000000, 0x00000000e9100000|  0%| F|  |TAMS 0x00000000e9000000| PB 0x00000000e9000000| Untracked 
| 145|0x00000000e9100000, 0x00000000e9100000, 0x00000000e9200000|  0%| F|  |TAMS 0x00000000e9100000| PB 0x00000000e9100000| Untracked 
| 146|0x00000000e9200000, 0x00000000e9200000, 0x00000000e9300000|  0%| F|  |TAMS 0x00000000e9200000| PB 0x00000000e9200000| Untracked 
| 147|0x00000000e9300000, 0x00000000e9300000, 0x00000000e9400000|  0%| F|  |TAMS 0x00000000e9300000| PB 0x00000000e9300000| Untracked 
| 148|0x00000000e9400000, 0x00000000e9400000, 0x00000000e9500000|  0%| F|  |TAMS 0x00000000e9400000| PB 0x00000000e9400000| Untracked 
| 149|0x00000000e9500000, 0x00000000e9500000, 0x00000000e9600000|  0%| F|  |TAMS 0x00000000e9500000| PB 0x00000000e9500000| Untracked 
| 150|0x00000000e9600000, 0x00000000e9600000, 0x00000000e9700000|  0%| F|  |TAMS 0x00000000e9600000| PB 0x00000000e9600000| Untracked 
| 151|0x00000000e9700000, 0x00000000e9700000, 0x00000000e9800000|  0%| F|  |TAMS 0x00000000e9700000| PB 0x00000000e9700000| Untracked 
| 152|0x00000000e9800000, 0x00000000e9800000, 0x00000000e9900000|  0%| F|  |TAMS 0x00000000e9800000| PB 0x00000000e9800000| Untracked 
| 153|0x00000000e9900000, 0x00000000e9900000, 0x00000000e9a00000|  0%| F|  |TAMS 0x00000000e9900000| PB 0x00000000e9900000| Untracked 
| 154|0x00000000e9a00000, 0x00000000e9a00000, 0x00000000e9b00000|  0%| F|  |TAMS 0x00000000e9a00000| PB 0x00000000e9a00000| Untracked 
| 155|0x00000000e9b00000, 0x00000000e9b00000, 0x00000000e9c00000|  0%| F|  |TAMS 0x00000000e9b00000| PB 0x00000000e9b00000| Untracked 
| 156|0x00000000e9c00000, 0x00000000e9c00000, 0x00000000e9d00000|  0%| F|  |TAMS 0x00000000e9c00000| PB 0x00000000e9c00000| Untracked 
| 157|0x00000000e9d00000, 0x00000000e9d00000, 0x00000000e9e00000|  0%| F|  |TAMS 0x00000000e9d00000| PB 0x00000000e9d00000| Untracked 
| 158|0x00000000e9e00000, 0x00000000e9e00000, 0x00000000e9f00000|  0%| F|  |TAMS 0x00000000e9e00000| PB 0x00000000e9e00000| Untracked 
| 159|0x00000000e9f00000, 0x00000000e9f00000, 0x00000000ea000000|  0%| F|  |TAMS 0x00000000e9f00000| PB 0x00000000e9f00000| Untracked 
| 160|0x00000000ea000000, 0x00000000ea000000, 0x00000000ea100000|  0%| F|  |TAMS 0x00000000ea000000| PB 0x00000000ea000000| Untracked 
| 161|0x00000000ea100000, 0x00000000ea100000, 0x00000000ea200000|  0%| F|  |TAMS 0x00000000ea100000| PB 0x00000000ea100000| Untracked 
| 162|0x00000000ea200000, 0x00000000ea200000, 0x00000000ea300000|  0%| F|  |TAMS 0x00000000ea200000| PB 0x00000000ea200000| Untracked 
| 163|0x00000000ea300000, 0x00000000ea300000, 0x00000000ea400000|  0%| F|  |TAMS 0x00000000ea300000| PB 0x00000000ea300000| Untracked 
| 164|0x00000000ea400000, 0x00000000ea400000, 0x00000000ea500000|  0%| F|  |TAMS 0x00000000ea400000| PB 0x00000000ea400000| Untracked 
| 165|0x00000000ea500000, 0x00000000ea500000, 0x00000000ea600000|  0%| F|  |TAMS 0x00000000ea500000| PB 0x00000000ea500000| Untracked 
| 166|0x00000000ea600000, 0x00000000ea600000, 0x00000000ea700000|  0%| F|  |TAMS 0x00000000ea600000| PB 0x00000000ea600000| Untracked 
| 167|0x00000000ea700000, 0x00000000ea700000, 0x00000000ea800000|  0%| F|  |TAMS 0x00000000ea700000| PB 0x00000000ea700000| Untracked 
| 168|0x00000000ea800000, 0x00000000ea800000, 0x00000000ea900000|  0%| F|  |TAMS 0x00000000ea800000| PB 0x00000000ea800000| Untracked 
| 169|0x00000000ea900000, 0x00000000ea900000, 0x00000000eaa00000|  0%| F|  |TAMS 0x00000000ea900000| PB 0x00000000ea900000| Untracked 
| 170|0x00000000eaa00000, 0x00000000eaa00000, 0x00000000eab00000|  0%| F|  |TAMS 0x00000000eaa00000| PB 0x00000000eaa00000| Untracked 
| 171|0x00000000eab00000, 0x00000000eab00000, 0x00000000eac00000|  0%| F|  |TAMS 0x00000000eab00000| PB 0x00000000eab00000| Untracked 
| 172|0x00000000eac00000, 0x00000000eac00000, 0x00000000ead00000|  0%| F|  |TAMS 0x00000000eac00000| PB 0x00000000eac00000| Untracked 
| 173|0x00000000ead00000, 0x00000000ead00000, 0x00000000eae00000|  0%| F|  |TAMS 0x00000000ead00000| PB 0x00000000ead00000| Untracked 
| 174|0x00000000eae00000, 0x00000000eae00000, 0x00000000eaf00000|  0%| F|  |TAMS 0x00000000eae00000| PB 0x00000000eae00000| Untracked 
| 175|0x00000000eaf00000, 0x00000000eaf00000, 0x00000000eb000000|  0%| F|  |TAMS 0x00000000eaf00000| PB 0x00000000eaf00000| Untracked 
| 176|0x00000000eb000000, 0x00000000eb000000, 0x00000000eb100000|  0%| F|  |TAMS 0x00000000eb000000| PB 0x00000000eb000000| Untracked 
| 177|0x00000000eb100000, 0x00000000eb100000, 0x00000000eb200000|  0%| F|  |TAMS 0x00000000eb100000| PB 0x00000000eb100000| Untracked 
| 178|0x00000000eb200000, 0x00000000eb200000, 0x00000000eb300000|  0%| F|  |TAMS 0x00000000eb200000| PB 0x00000000eb200000| Untracked 
| 179|0x00000000eb300000, 0x00000000eb300000, 0x00000000eb400000|  0%| F|  |TAMS 0x00000000eb300000| PB 0x00000000eb300000| Untracked 
| 180|0x00000000eb400000, 0x00000000eb400000, 0x00000000eb500000|  0%| F|  |TAMS 0x00000000eb400000| PB 0x00000000eb400000| Untracked 
| 181|0x00000000eb500000, 0x00000000eb500000, 0x00000000eb600000|  0%| F|  |TAMS 0x00000000eb500000| PB 0x00000000eb500000| Untracked 
| 182|0x00000000eb600000, 0x00000000eb600000, 0x00000000eb700000|  0%| F|  |TAMS 0x00000000eb600000| PB 0x00000000eb600000| Untracked 
| 183|0x00000000eb700000, 0x00000000eb700000, 0x00000000eb800000|  0%| F|  |TAMS 0x00000000eb700000| PB 0x00000000eb700000| Untracked 
| 184|0x00000000eb800000, 0x00000000eb800000, 0x00000000eb900000|  0%| F|  |TAMS 0x00000000eb800000| PB 0x00000000eb800000| Untracked 
| 185|0x00000000eb900000, 0x00000000eb900000, 0x00000000eba00000|  0%| F|  |TAMS 0x00000000eb900000| PB 0x00000000eb900000| Untracked 
| 186|0x00000000eba00000, 0x00000000eba00000, 0x00000000ebb00000|  0%| F|  |TAMS 0x00000000eba00000| PB 0x00000000eba00000| Untracked 
| 187|0x00000000ebb00000, 0x00000000ebb80000, 0x00000000ebc00000| 50%| E|  |TAMS 0x00000000ebb00000| PB 0x00000000ebb00000| Complete 
| 188|0x00000000ebc00000, 0x00000000ebd00000, 0x00000000ebd00000|100%| E|CS|TAMS 0x00000000ebc00000| PB 0x00000000ebc00000| Complete 
| 189|0x00000000ebd00000, 0x00000000ebe00000, 0x00000000ebe00000|100%| E|CS|TAMS 0x00000000ebd00000| PB 0x00000000ebd00000| Complete 
| 190|0x00000000ebe00000, 0x00000000ebf00000, 0x00000000ebf00000|100%| E|CS|TAMS 0x00000000ebe00000| PB 0x00000000ebe00000| Complete 
| 191|0x00000000ebf00000, 0x00000000ec000000, 0x00000000ec000000|100%| E|CS|TAMS 0x00000000ebf00000| PB 0x00000000ebf00000| Complete 
| 192|0x00000000ec000000, 0x00000000ec100000, 0x00000000ec100000|100%| E|CS|TAMS 0x00000000ec000000| PB 0x00000000ec000000| Complete 
| 193|0x00000000ec100000, 0x00000000ec200000, 0x00000000ec200000|100%| E|CS|TAMS 0x00000000ec100000| PB 0x00000000ec100000| Complete 
| 194|0x00000000ec200000, 0x00000000ec300000, 0x00000000ec300000|100%| E|CS|TAMS 0x00000000ec200000| PB 0x00000000ec200000| Complete 
| 195|0x00000000ec300000, 0x00000000ec400000, 0x00000000ec400000|100%| E|CS|TAMS 0x00000000ec300000| PB 0x00000000ec300000| Complete 
| 196|0x00000000ec400000, 0x00000000ec500000, 0x00000000ec500000|100%| E|CS|TAMS 0x00000000ec400000| PB 0x00000000ec400000| Complete 
| 197|0x00000000ec500000, 0x00000000ec600000, 0x00000000ec600000|100%| E|CS|TAMS 0x00000000ec500000| PB 0x00000000ec500000| Complete 
| 198|0x00000000ec600000, 0x00000000ec700000, 0x00000000ec700000|100%| E|CS|TAMS 0x00000000ec600000| PB 0x00000000ec600000| Complete 
| 199|0x00000000ec700000, 0x00000000ec800000, 0x00000000ec800000|100%| E|CS|TAMS 0x00000000ec700000| PB 0x00000000ec700000| Complete 
| 200|0x00000000ec800000, 0x00000000ec900000, 0x00000000ec900000|100%| E|CS|TAMS 0x00000000ec800000| PB 0x00000000ec800000| Complete 
| 201|0x00000000ec900000, 0x00000000eca00000, 0x00000000eca00000|100%| E|CS|TAMS 0x00000000ec900000| PB 0x00000000ec900000| Complete 
| 202|0x00000000eca00000, 0x00000000ecb00000, 0x00000000ecb00000|100%| E|CS|TAMS 0x00000000eca00000| PB 0x00000000eca00000| Complete 
| 203|0x00000000ecb00000, 0x00000000ecc00000, 0x00000000ecc00000|100%| E|CS|TAMS 0x00000000ecb00000| PB 0x00000000ecb00000| Complete 
| 204|0x00000000ecc00000, 0x00000000ecd00000, 0x00000000ecd00000|100%| E|CS|TAMS 0x00000000ecc00000| PB 0x00000000ecc00000| Complete 
| 205|0x00000000ecd00000, 0x00000000ece00000, 0x00000000ece00000|100%| E|CS|TAMS 0x00000000ecd00000| PB 0x00000000ecd00000| Complete 
| 206|0x00000000ece00000, 0x00000000ecf00000, 0x00000000ecf00000|100%| E|CS|TAMS 0x00000000ece00000| PB 0x00000000ece00000| Complete 
| 207|0x00000000ecf00000, 0x00000000ed000000, 0x00000000ed000000|100%| E|CS|TAMS 0x00000000ecf00000| PB 0x00000000ecf00000| Complete 
| 208|0x00000000ed000000, 0x00000000ed100000, 0x00000000ed100000|100%| E|CS|TAMS 0x00000000ed000000| PB 0x00000000ed000000| Complete 
| 209|0x00000000ed100000, 0x00000000ed200000, 0x00000000ed200000|100%| E|CS|TAMS 0x00000000ed100000| PB 0x00000000ed100000| Complete 
| 210|0x00000000ed200000, 0x00000000ed300000, 0x00000000ed300000|100%| E|CS|TAMS 0x00000000ed200000| PB 0x00000000ed200000| Complete 
| 211|0x00000000ed300000, 0x00000000ed400000, 0x00000000ed400000|100%| E|CS|TAMS 0x00000000ed300000| PB 0x00000000ed300000| Complete 
| 212|0x00000000ed400000, 0x00000000ed500000, 0x00000000ed500000|100%| E|CS|TAMS 0x00000000ed400000| PB 0x00000000ed400000| Complete 
| 213|0x00000000ed500000, 0x00000000ed600000, 0x00000000ed600000|100%| E|CS|TAMS 0x00000000ed500000| PB 0x00000000ed500000| Complete 
| 214|0x00000000ed600000, 0x00000000ed700000, 0x00000000ed700000|100%| E|CS|TAMS 0x00000000ed600000| PB 0x00000000ed600000| Complete 
| 215|0x00000000ed700000, 0x00000000ed800000, 0x00000000ed800000|100%| E|CS|TAMS 0x00000000ed700000| PB 0x00000000ed700000| Complete 
| 216|0x00000000ed800000, 0x00000000ed900000, 0x00000000ed900000|100%| E|CS|TAMS 0x00000000ed800000| PB 0x00000000ed800000| Complete 
| 217|0x00000000ed900000, 0x00000000eda00000, 0x00000000eda00000|100%| E|CS|TAMS 0x00000000ed900000| PB 0x00000000ed900000| Complete 
| 218|0x00000000eda00000, 0x00000000edb00000, 0x00000000edb00000|100%| E|CS|TAMS 0x00000000eda00000| PB 0x00000000eda00000| Complete 
| 219|0x00000000edb00000, 0x00000000edc00000, 0x00000000edc00000|100%| E|CS|TAMS 0x00000000edb00000| PB 0x00000000edb00000| Complete 
| 220|0x00000000edc00000, 0x00000000edd00000, 0x00000000edd00000|100%| E|CS|TAMS 0x00000000edc00000| PB 0x00000000edc00000| Complete 
| 221|0x00000000edd00000, 0x00000000ede00000, 0x00000000ede00000|100%| E|CS|TAMS 0x00000000edd00000| PB 0x00000000edd00000| Complete 
| 222|0x00000000ede00000, 0x00000000edf00000, 0x00000000edf00000|100%| E|  |TAMS 0x00000000ede00000| PB 0x00000000ede00000| Complete 
| 223|0x00000000edf00000, 0x00000000ee000000, 0x00000000ee000000|100%| E|CS|TAMS 0x00000000edf00000| PB 0x00000000edf00000| Complete 
| 224|0x00000000ee000000, 0x00000000ee100000, 0x00000000ee100000|100%| E|CS|TAMS 0x00000000ee000000| PB 0x00000000ee000000| Complete 
| 225|0x00000000ee100000, 0x00000000ee200000, 0x00000000ee200000|100%| E|CS|TAMS 0x00000000ee100000| PB 0x00000000ee100000| Complete 
| 226|0x00000000ee200000, 0x00000000ee300000, 0x00000000ee300000|100%| E|CS|TAMS 0x00000000ee200000| PB 0x00000000ee200000| Complete 
| 227|0x00000000ee300000, 0x00000000ee400000, 0x00000000ee400000|100%| E|CS|TAMS 0x00000000ee300000| PB 0x00000000ee300000| Complete 
| 228|0x00000000ee400000, 0x00000000ee500000, 0x00000000ee500000|100%| E|CS|TAMS 0x00000000ee400000| PB 0x00000000ee400000| Complete 
| 229|0x00000000ee500000, 0x00000000ee600000, 0x00000000ee600000|100%| E|CS|TAMS 0x00000000ee500000| PB 0x00000000ee500000| Complete 
| 230|0x00000000ee600000, 0x00000000ee700000, 0x00000000ee700000|100%| E|CS|TAMS 0x00000000ee600000| PB 0x00000000ee600000| Complete 
| 231|0x00000000ee700000, 0x00000000ee800000, 0x00000000ee800000|100%| E|CS|TAMS 0x00000000ee700000| PB 0x00000000ee700000| Complete 
| 232|0x00000000ee800000, 0x00000000ee900000, 0x00000000ee900000|100%| E|CS|TAMS 0x00000000ee800000| PB 0x00000000ee800000| Complete 
| 233|0x00000000ee900000, 0x00000000eea00000, 0x00000000eea00000|100%| E|CS|TAMS 0x00000000ee900000| PB 0x00000000ee900000| Complete 
| 234|0x00000000eea00000, 0x00000000eeb00000, 0x00000000eeb00000|100%| E|CS|TAMS 0x00000000eea00000| PB 0x00000000eea00000| Complete 
| 235|0x00000000eeb00000, 0x00000000eec00000, 0x00000000eec00000|100%| E|CS|TAMS 0x00000000eeb00000| PB 0x00000000eeb00000| Complete 
| 236|0x00000000eec00000, 0x00000000eed00000, 0x00000000eed00000|100%| E|CS|TAMS 0x00000000eec00000| PB 0x00000000eec00000| Complete 
| 237|0x00000000eed00000, 0x00000000eee00000, 0x00000000eee00000|100%| E|CS|TAMS 0x00000000eed00000| PB 0x00000000eed00000| Complete 
| 238|0x00000000eee00000, 0x00000000eef00000, 0x00000000eef00000|100%| E|CS|TAMS 0x00000000eee00000| PB 0x00000000eee00000| Complete 
| 239|0x00000000eef00000, 0x00000000ef000000, 0x00000000ef000000|100%| E|CS|TAMS 0x00000000eef00000| PB 0x00000000eef00000| Complete 
| 240|0x00000000ef000000, 0x00000000ef100000, 0x00000000ef100000|100%| E|CS|TAMS 0x00000000ef000000| PB 0x00000000ef000000| Complete 
| 241|0x00000000ef100000, 0x00000000ef200000, 0x00000000ef200000|100%| E|CS|TAMS 0x00000000ef100000| PB 0x00000000ef100000| Complete 
| 242|0x00000000ef200000, 0x00000000ef300000, 0x00000000ef300000|100%| E|CS|TAMS 0x00000000ef200000| PB 0x00000000ef200000| Complete 
| 243|0x00000000ef300000, 0x00000000ef400000, 0x00000000ef400000|100%| E|CS|TAMS 0x00000000ef300000| PB 0x00000000ef300000| Complete 
| 244|0x00000000ef400000, 0x00000000ef500000, 0x00000000ef500000|100%| E|CS|TAMS 0x00000000ef400000| PB 0x00000000ef400000| Complete 
| 245|0x00000000ef500000, 0x00000000ef600000, 0x00000000ef600000|100%| E|CS|TAMS 0x00000000ef500000| PB 0x00000000ef500000| Complete 
| 246|0x00000000ef600000, 0x00000000ef700000, 0x00000000ef700000|100%| E|CS|TAMS 0x00000000ef600000| PB 0x00000000ef600000| Complete 
| 247|0x00000000ef700000, 0x00000000ef800000, 0x00000000ef800000|100%| E|CS|TAMS 0x00000000ef700000| PB 0x00000000ef700000| Complete 
| 248|0x00000000ef800000, 0x00000000ef900000, 0x00000000ef900000|100%| E|CS|TAMS 0x00000000ef800000| PB 0x00000000ef800000| Complete 
| 249|0x00000000ef900000, 0x00000000efa00000, 0x00000000efa00000|100%| E|CS|TAMS 0x00000000ef900000| PB 0x00000000ef900000| Complete 
| 250|0x00000000efa00000, 0x00000000efb00000, 0x00000000efb00000|100%| E|CS|TAMS 0x00000000efa00000| PB 0x00000000efa00000| Complete 
| 251|0x00000000efb00000, 0x00000000efc00000, 0x00000000efc00000|100%| E|CS|TAMS 0x00000000efb00000| PB 0x00000000efb00000| Complete 
| 252|0x00000000efc00000, 0x00000000efd00000, 0x00000000efd00000|100%| E|CS|TAMS 0x00000000efc00000| PB 0x00000000efc00000| Complete 
| 253|0x00000000efd00000, 0x00000000efe00000, 0x00000000efe00000|100%| E|CS|TAMS 0x00000000efd00000| PB 0x00000000efd00000| Complete 
| 254|0x00000000efe00000, 0x00000000eff00000, 0x00000000eff00000|100%| E|CS|TAMS 0x00000000efe00000| PB 0x00000000efe00000| Complete 
| 255|0x00000000eff00000, 0x00000000f0000000, 0x00000000f0000000|100%| E|CS|TAMS 0x00000000eff00000| PB 0x00000000eff00000| Complete 
| 508|0x00000000ffc00000, 0x00000000ffce24c0, 0x00000000ffd00000| 88%| O|  |TAMS 0x00000000ffc00000| PB 0x00000000ffc00000| Untracked 
| 509|0x00000000ffd00000, 0x00000000ffe00000, 0x00000000ffe00000|100%| O|  |TAMS 0x00000000ffd00000| PB 0x00000000ffd00000| Untracked 
| 510|0x00000000ffe00000, 0x00000000fff00000, 0x00000000fff00000|100%| O|  |TAMS 0x00000000ffe00000| PB 0x00000000ffe00000| Untracked 
| 511|0x00000000fff00000, 0x0000000100000000, 0x0000000100000000|100%| O|  |TAMS 0x00000000fff00000| PB 0x00000000fff00000| Untracked 

Card table byte_map: [0x00000158c49f0000,0x00000158c4af0000] _byte_map_base: 0x00000158c42f0000

Marking Bits: (CMBitMap*) 0x00000158acbf2640
 Bits: [0x00000158c4af0000, 0x00000158c52f0000)

Polling page: 0x00000158aadd0000

Metaspace:

Usage:
  Non-class:     70.13 MB used.
      Class:     11.26 MB used.
       Both:     81.40 MB used.

Virtual space:
  Non-class space:      128.00 MB reserved,      71.50 MB ( 56%) committed,  2 nodes.
      Class space:      320.00 MB reserved,      12.56 MB (  4%) committed,  1 nodes.
             Both:      448.00 MB reserved,      84.06 MB ( 19%) committed. 

Chunk freelists:
   Non-Class:  7.95 MB
       Class:  3.30 MB
        Both:  11.25 MB

MaxMetaspaceSize: 384.00 MB
CompressedClassSpaceSize: 320.00 MB
Initial GC threshold: 21.00 MB
Current GC threshold: 100.13 MB
CDS: on
 - commit_granule_bytes: 65536.
 - commit_granule_words: 8192.
 - virtual_space_node_default_size: 8388608.
 - enlarge_chunks_in_place: 1.
 - use_allocation_guard: 0.


Internal statistics:

num_allocs_failed_limit: 18.
num_arena_births: 4854.
num_arena_deaths: 0.
num_vsnodes_births: 3.
num_vsnodes_deaths: 0.
num_space_committed: 1345.
num_space_uncommitted: 0.
num_chunks_returned_to_freelist: 18.
num_chunks_taken_from_freelist: 9234.
num_chunk_merges: 15.
num_chunk_splits: 5856.
num_chunks_enlarged: 3415.
num_inconsistent_stats: 0.

CodeHeap 'non-profiled nmethods': size=120000Kb used=10733Kb max_used=10733Kb free=109266Kb
 bounds [0x00000158bcda0000, 0x00000158bd820000, 0x00000158c42d0000]
CodeHeap 'profiled nmethods': size=120000Kb used=35360Kb max_used=35360Kb free=84639Kb
 bounds [0x00000158b52d0000, 0x00000158b7560000, 0x00000158bc800000]
CodeHeap 'non-nmethods': size=5760Kb used=1951Kb max_used=2010Kb free=3808Kb
 bounds [0x00000158bc800000, 0x00000158bca70000, 0x00000158bcda0000]
CodeCache: size=245760Kb, used=48044Kb, max_used=48103Kb, free=197713Kb
 total_blobs=16601, nmethods=15789, adapters=715, full_count=0
Compilation: enabled, stopped_count=0, restarted_count=0

Compilation events (20 events):
Event: 42.035 Thread 0x00000158c797af80 nmethod 16426 0x00000158b7554e90 code [0x00000158b7555060, 0x00000158b75551f8]
Event: 42.042 Thread 0x00000158c797af80 16427       2       java.io.ByteArrayInputStream::close (1 bytes)
Event: 42.042 Thread 0x00000158c797af80 nmethod 16427 0x00000158b7555310 code [0x00000158b75554a0, 0x00000158b75555a8]
Event: 42.051 Thread 0x00000158c797af80 16428  s    2       java.io.ByteArrayInputStream::available (10 bytes)
Event: 42.052 Thread 0x00000158c797af80 nmethod 16428 0x00000158b7555610 code [0x00000158b75557a0, 0x00000158b7555968]
Event: 42.057 Thread 0x00000158c797af80 16429       2       jdk.internal.jrtfs.JrtFileSystemProvider::newInputStream (9 bytes)
Event: 42.057 Thread 0x00000158c797af80 nmethod 16429 0x00000158b7555a10 code [0x00000158b7555be0, 0x00000158b7555f40]
Event: 42.057 Thread 0x00000158c797af80 16430       2       jdk.internal.jrtfs.JrtPath::newInputStream (78 bytes)
Event: 42.058 Thread 0x00000158c797af80 nmethod 16430 0x00000158b7556110 code [0x00000158b7556340, 0x00000158b75568e8]
Event: 42.058 Thread 0x00000158c797af80 16431       2       jdk.internal.jrtfs.JrtFileSystem::newInputStream (13 bytes)
Event: 42.058 Thread 0x00000158c797af80 nmethod 16431 0x00000158b7556c10 code [0x00000158b7556dc0, 0x00000158b7556fc0]
Event: 42.060 Thread 0x00000158c797af80 16432       2       com.sun.tools.javac.comp.Check::isTypeArgErroneous (15 bytes)
Event: 42.061 Thread 0x00000158c797af80 nmethod 16432 0x00000158b7557110 code [0x00000158b75572c0, 0x00000158b7557460]
Event: 42.061 Thread 0x00000158c797af80 16433       2       com.sun.tools.javac.comp.Check$3::visitType (10 bytes)
Event: 42.061 Thread 0x00000158c797af80 nmethod 16433 0x00000158b7557590 code [0x00000158b7557740, 0x00000158b75578c8]
Event: 42.062 Thread 0x00000158c797af80 16434       2       com.sun.tools.javac.code.Type$WildcardType::getTag (4 bytes)
Event: 42.063 Thread 0x00000158c797af80 nmethod 16434 0x00000158b7557990 code [0x00000158b7557b20, 0x00000158b7557c30]
Event: 42.073 Thread 0x00000158c797af80 16435       2       com.sun.tools.javac.util.List$$Lambda/0x00000158c9b85670::accept (9 bytes)
Event: 42.073 Thread 0x00000158c797af80 nmethod 16435 0x00000158b7557d10 code [0x00000158b7557ec0, 0x00000158b7558028]
Event: 42.074 Thread 0x00000158c797af80 16436 %     3       com.sun.tools.javac.jvm.ClassReader::readClass @ 570 (663 bytes)

GC Heap History (20 events):
Event: 7.242 GC heap before
{Heap before GC invocations=6 (full 0):
 garbage-first heap   total 262144K, used 32253K [0x00000000e0000000, 0x0000000100000000)
  region size 1024K, 16 young (16384K), 13 survivors (13312K)
 Metaspace       used 34845K, committed 36288K, reserved 393216K
  class space    used 5184K, committed 5888K, reserved 327680K
}
Event: 7.264 GC heap after
{Heap after GC invocations=7 (full 0):
 garbage-first heap   total 262144K, used 31682K [0x00000000e0000000, 0x0000000100000000)
  region size 1024K, 8 young (8192K), 8 survivors (8192K)
 Metaspace       used 34845K, committed 36288K, reserved 393216K
  class space    used 5184K, committed 5888K, reserved 327680K
}
Event: 7.308 GC heap before
{Heap before GC invocations=7 (full 0):
 garbage-first heap   total 262144K, used 32706K [0x00000000e0000000, 0x0000000100000000)
  region size 1024K, 10 young (10240K), 8 survivors (8192K)
 Metaspace       used 35139K, committed 36608K, reserved 393216K
  class space    used 5197K, committed 5952K, reserved 327680K
}
Event: 7.319 GC heap after
{Heap after GC invocations=8 (full 0):
 garbage-first heap   total 262144K, used 31170K [0x00000000e0000000, 0x0000000100000000)
  region size 1024K, 7 young (7168K), 7 survivors (7168K)
 Metaspace       used 35139K, committed 36608K, reserved 393216K
  class space    used 5197K, committed 5952K, reserved 327680K
}
Event: 11.099 GC heap before
{Heap before GC invocations=9 (full 0):
 garbage-first heap   total 262144K, used 183746K [0x00000000e0000000, 0x0000000100000000)
  region size 1024K, 153 young (156672K), 7 survivors (7168K)
 Metaspace       used 52538K, committed 54656K, reserved 393216K
  class space    used 7754K, committed 8768K, reserved 327680K
}
Event: 11.125 GC heap after
{Heap after GC invocations=10 (full 0):
 garbage-first heap   total 262144K, used 44994K [0x00000000e0000000, 0x0000000100000000)
  region size 1024K, 19 young (19456K), 19 survivors (19456K)
 Metaspace       used 52538K, committed 54656K, reserved 393216K
  class space    used 7754K, committed 8768K, reserved 327680K
}
Event: 13.163 GC heap before
{Heap before GC invocations=10 (full 0):
 garbage-first heap   total 262144K, used 142274K [0x00000000e0000000, 0x0000000100000000)
  region size 1024K, 116 young (118784K), 19 survivors (19456K)
 Metaspace       used 58830K, committed 61120K, reserved 393216K
  class space    used 8740K, committed 9856K, reserved 327680K
}
Event: 13.197 GC heap after
{Heap after GC invocations=11 (full 0):
 garbage-first heap   total 262144K, used 54784K [0x00000000e0000000, 0x0000000100000000)
  region size 1024K, 11 young (11264K), 11 survivors (11264K)
 Metaspace       used 58830K, committed 61120K, reserved 393216K
  class space    used 8740K, committed 9856K, reserved 327680K
}
Event: 13.796 GC heap before
{Heap before GC invocations=11 (full 0):
 garbage-first heap   total 262144K, used 55808K [0x00000000e0000000, 0x0000000100000000)
  region size 1024K, 13 young (13312K), 11 survivors (11264K)
 Metaspace       used 59117K, committed 61440K, reserved 393216K
  class space    used 8775K, committed 9920K, reserved 327680K
}
Event: 13.807 GC heap after
{Heap after GC invocations=12 (full 0):
 garbage-first heap   total 262144K, used 54784K [0x00000000e0000000, 0x0000000100000000)
  region size 1024K, 11 young (11264K), 11 survivors (11264K)
 Metaspace       used 59117K, committed 61440K, reserved 393216K
  class space    used 8775K, committed 9920K, reserved 327680K
}
Event: 25.090 GC heap before
{Heap before GC invocations=13 (full 0):
 garbage-first heap   total 262144K, used 200192K [0x00000000e0000000, 0x0000000100000000)
  region size 1024K, 153 young (156672K), 11 survivors (11264K)
 Metaspace       used 63555K, committed 66112K, reserved 393216K
  class space    used 9195K, committed 10432K, reserved 327680K
}
Event: 25.111 GC heap after
{Heap after GC invocations=14 (full 0):
 garbage-first heap   total 262144K, used 61440K [0x00000000e0000000, 0x0000000100000000)
  region size 1024K, 17 young (17408K), 17 survivors (17408K)
 Metaspace       used 63555K, committed 66112K, reserved 393216K
  class space    used 9195K, committed 10432K, reserved 327680K
}
Event: 29.537 GC heap before
{Heap before GC invocations=14 (full 0):
 garbage-first heap   total 262144K, used 201728K [0x00000000e0000000, 0x0000000100000000)
  region size 1024K, 153 young (156672K), 17 survivors (17408K)
 Metaspace       used 75062K, committed 77632K, reserved 458752K
  class space    used 10570K, committed 11840K, reserved 327680K
}
Event: 29.595 GC heap after
{Heap after GC invocations=15 (full 0):
 garbage-first heap   total 262144K, used 81920K [0x00000000e0000000, 0x0000000100000000)
  region size 1024K, 20 young (20480K), 20 survivors (20480K)
 Metaspace       used 75062K, committed 77632K, reserved 458752K
  class space    used 10570K, committed 11840K, reserved 327680K
}
Event: 33.251 GC heap before
{Heap before GC invocations=15 (full 0):
 garbage-first heap   total 262144K, used 217088K [0x00000000e0000000, 0x0000000100000000)
  region size 1024K, 153 young (156672K), 20 survivors (20480K)
 Metaspace       used 77119K, committed 79744K, reserved 458752K
  class space    used 10808K, committed 12096K, reserved 327680K
}
Event: 33.289 GC heap after
{Heap after GC invocations=16 (full 0):
 garbage-first heap   total 262144K, used 87552K [0x00000000e0000000, 0x0000000100000000)
  region size 1024K, 5 young (5120K), 5 survivors (5120K)
 Metaspace       used 77119K, committed 79744K, reserved 458752K
  class space    used 10808K, committed 12096K, reserved 327680K
}
Event: 37.302 GC heap before
{Heap before GC invocations=16 (full 0):
 garbage-first heap   total 262144K, used 227840K [0x00000000e0000000, 0x0000000100000000)
  region size 1024K, 142 young (145408K), 5 survivors (5120K)
 Metaspace       used 80669K, committed 83328K, reserved 458752K
  class space    used 11187K, committed 12480K, reserved 327680K
}
Event: 37.318 GC heap after
{Heap after GC invocations=17 (full 0):
 garbage-first heap   total 262144K, used 93533K [0x00000000e0000000, 0x0000000100000000)
  region size 1024K, 11 young (11264K), 11 survivors (11264K)
 Metaspace       used 80669K, committed 83328K, reserved 458752K
  class space    used 11187K, committed 12480K, reserved 327680K
}
Event: 40.713 GC heap before
{Heap before GC invocations=17 (full 0):
 garbage-first heap   total 262144K, used 232797K [0x00000000e0000000, 0x0000000100000000)
  region size 1024K, 145 young (148480K), 11 survivors (11264K)
 Metaspace       used 81929K, committed 84672K, reserved 458752K
  class space    used 11365K, committed 12672K, reserved 327680K
}
Event: 40.759 GC heap after
{Heap after GC invocations=18 (full 0):
 garbage-first heap   total 266240K, used 116617K [0x00000000e0000000, 0x0000000100000000)
  region size 1024K, 19 young (19456K), 19 survivors (19456K)
 Metaspace       used 81929K, committed 84672K, reserved 458752K
  class space    used 11365K, committed 12672K, reserved 327680K
}

Dll operation events (15 events):
Event: 0.008 Loaded shared library C:\Users\Administrator\.jdks\ms-21.0.10\bin\java.dll
Event: 0.035 Loaded shared library C:\Users\Administrator\.jdks\ms-21.0.10\bin\jsvml.dll
Event: 0.080 Loaded shared library C:\Users\Administrator\.jdks\ms-21.0.10\bin\zip.dll
Event: 0.083 Loaded shared library C:\Users\Administrator\.jdks\ms-21.0.10\bin\instrument.dll
Event: 0.088 Loaded shared library C:\Users\Administrator\.jdks\ms-21.0.10\bin\net.dll
Event: 0.092 Loaded shared library C:\Users\Administrator\.jdks\ms-21.0.10\bin\nio.dll
Event: 0.096 Loaded shared library C:\Users\Administrator\.jdks\ms-21.0.10\bin\zip.dll
Event: 0.344 Loaded shared library C:\Users\Administrator\.jdks\ms-21.0.10\bin\jimage.dll
Event: 0.731 Loaded shared library C:\Users\Administrator\.jdks\ms-21.0.10\bin\verify.dll
Event: 0.781 Loaded shared library C:\Users\Administrator\.gradle\native\660c5614fbf4a5f2a75b1949f50a0caf5cd603558e7d8a26e50b933a0cfb79d1\windows-amd64\native-platform.dll
Event: 0.800 Loaded shared library C:\Users\Administrator\.gradle\native\0.2.8\x86_64-windows-gnu\gradle-fileevents.dll
Event: 2.185 Loaded shared library C:\Users\Administrator\.jdks\ms-21.0.10\bin\management.dll
Event: 2.190 Loaded shared library C:\Users\Administrator\.jdks\ms-21.0.10\bin\management_ext.dll
Event: 2.408 Loaded shared library C:\Users\Administrator\.jdks\ms-21.0.10\bin\extnet.dll
Event: 2.838 Loaded shared library C:\Users\Administrator\.jdks\ms-21.0.10\bin\sunmscapi.dll

Deoptimization events (20 events):
Event: 41.992 Thread 0x00000158e465b970 Uncommon trap: trap_request=0xffffffc6 fr.pc=0x00000158bd643108 relative=0x0000000000000ce8
Event: 41.992 Thread 0x00000158e465b970 Uncommon trap: reason=bimorphic_or_optimized_type_check action=maybe_recompile pc=0x00000158bd643108 method=com.sun.tools.javac.comp.Resolve.findIdentInternal(Lcom/sun/tools/javac/comp/Env;Lcom/sun/tools/javac/util/Name;Lcom/sun/tools/javac/code/Kinds$Kin
Event: 41.992 Thread 0x00000158e465b970 DEOPT PACKING pc=0x00000158bd643108 sp=0x00000002395f8b70
Event: 41.992 Thread 0x00000158e465b970 DEOPT UNPACKING pc=0x00000158bc854422 sp=0x00000002395f8a50 mode 2
Event: 41.992 Thread 0x00000158e465b970 Uncommon trap: trap_request=0xffffffc6 fr.pc=0x00000158bd643108 relative=0x0000000000000ce8
Event: 41.992 Thread 0x00000158e465b970 Uncommon trap: reason=bimorphic_or_optimized_type_check action=maybe_recompile pc=0x00000158bd643108 method=com.sun.tools.javac.comp.Resolve.findIdentInternal(Lcom/sun/tools/javac/comp/Env;Lcom/sun/tools/javac/util/Name;Lcom/sun/tools/javac/code/Kinds$Kin
Event: 41.992 Thread 0x00000158e465b970 DEOPT PACKING pc=0x00000158bd643108 sp=0x00000002395f8cf0
Event: 41.992 Thread 0x00000158e465b970 DEOPT UNPACKING pc=0x00000158bc854422 sp=0x00000002395f8bd0 mode 2
Event: 42.006 Thread 0x00000158e465b970 Uncommon trap: trap_request=0xffffffc6 fr.pc=0x00000158bd5ff478 relative=0x0000000000000478
Event: 42.006 Thread 0x00000158e465b970 Uncommon trap: reason=bimorphic_or_optimized_type_check action=maybe_recompile pc=0x00000158bd5ff478 method=com.sun.tools.javac.comp.Resolve.findIdentInternal(Lcom/sun/tools/javac/comp/Env;Lcom/sun/tools/javac/util/Name;Lcom/sun/tools/javac/code/Kinds$Kin
Event: 42.006 Thread 0x00000158e465b970 DEOPT PACKING pc=0x00000158bd5ff478 sp=0x00000002395f8ad0
Event: 42.006 Thread 0x00000158e465b970 DEOPT UNPACKING pc=0x00000158bc854422 sp=0x00000002395f8a90 mode 2
Event: 42.020 Thread 0x00000158e465b970 DEOPT PACKING pc=0x00000158b6f04118 sp=0x00000002395f96a0
Event: 42.020 Thread 0x00000158e465b970 DEOPT UNPACKING pc=0x00000158bc854bc2 sp=0x00000002395f8af8 mode 0
Event: 42.043 Thread 0x00000158e465b970 Uncommon trap: trap_request=0xffffff45 fr.pc=0x00000158bd6dacf8 relative=0x0000000000001e98
Event: 42.043 Thread 0x00000158e465b970 Uncommon trap: reason=unstable_if action=reinterpret pc=0x00000158bd6dacf8 method=com.sun.tools.javac.comp.Resolve$AbstractMethodCheck.argumentsAcceptable(Lcom/sun/tools/javac/comp/Env;Lcom/sun/tools/javac/comp/DeferredAttr$DeferredAttrContext;Lcom/sun/to
Event: 42.043 Thread 0x00000158e465b970 DEOPT PACKING pc=0x00000158bd6dacf8 sp=0x00000002395f8130
Event: 42.044 Thread 0x00000158e465b970 DEOPT UNPACKING pc=0x00000158bc854422 sp=0x00000002395f7fa0 mode 2
Event: 42.051 Thread 0x00000158e465b970 DEOPT PACKING pc=0x00000158b6abdde6 sp=0x00000002395f8380
Event: 42.051 Thread 0x00000158e465b970 DEOPT UNPACKING pc=0x00000158bc854bc2 sp=0x00000002395f78c8 mode 0

Classes loaded (20 events):
Event: 35.127 Loading class java/util/EnumMap$EntryIterator$Entry
Event: 35.127 Loading class java/util/EnumMap$EntryIterator$Entry done
Event: 36.605 Loading class java/text/MessageFormat$Field
Event: 36.605 Loading class java/text/MessageFormat$Field done
Event: 36.629 Loading class java/util/EnumMap$Values
Event: 36.629 Loading class java/util/EnumMap$Values done
Event: 36.629 Loading class java/util/EnumMap$ValueIterator
Event: 36.629 Loading class java/util/EnumMap$ValueIterator done
Event: 36.630 Loading class java/util/WeakHashMap$KeyIterator
Event: 36.630 Loading class java/util/WeakHashMap$KeyIterator done
Event: 36.761 Loading class java/io/CharArrayReader
Event: 36.761 Loading class java/io/CharArrayReader done
Event: 38.178 Loading class java/io/ObjectStreamClass$ExceptionInfo
Event: 38.178 Loading class java/io/ObjectStreamClass$ExceptionInfo done
Event: 38.183 Loading class java/time/Ser
Event: 38.183 Loading class java/time/Ser done
Event: 38.816 Loading class java/io/CharArrayWriter
Event: 38.816 Loading class java/io/CharArrayWriter done
Event: 40.987 Loading class jdk/internal/module/IllegalAccessLogger
Event: 40.987 Loading class jdk/internal/module/IllegalAccessLogger done

Classes unloaded (0 events):
No events

Classes redefined (0 events):
No events

Internal exceptions (20 events):
Event: 40.959 Thread 0x00000158e465b970 Exception <a 'sun/nio/fs/WindowsException'{0x00000000eec0ac48}> (0x00000000eec0ac48) 
thrown [s\src\hotspot\share\prims\jni.cpp, line 520]
Event: 40.960 Thread 0x00000158e465b970 Exception <a 'sun/nio/fs/WindowsException'{0x00000000eec244a0}> (0x00000000eec244a0) 
thrown [s\src\hotspot\share\prims\jni.cpp, line 520]
Event: 40.960 Thread 0x00000158e465b970 Exception <a 'sun/nio/fs/WindowsException'{0x00000000eec25b90}> (0x00000000eec25b90) 
thrown [s\src\hotspot\share\prims\jni.cpp, line 520]
Event: 40.966 Thread 0x00000158e465b970 Exception <a 'sun/nio/fs/WindowsException'{0x00000000eec9cf58}> (0x00000000eec9cf58) 
thrown [s\src\hotspot\share\prims\jni.cpp, line 520]
Event: 40.966 Thread 0x00000158e465b970 Exception <a 'sun/nio/fs/WindowsException'{0x00000000eec9e5f8}> (0x00000000eec9e5f8) 
thrown [s\src\hotspot\share\prims\jni.cpp, line 520]
Event: 40.967 Thread 0x00000158e465b970 Exception <a 'sun/nio/fs/WindowsException'{0x00000000eecd03d8}> (0x00000000eecd03d8) 
thrown [s\src\hotspot\share\prims\jni.cpp, line 520]
Event: 40.967 Thread 0x00000158e465b970 Exception <a 'sun/nio/fs/WindowsException'{0x00000000eecd1a98}> (0x00000000eecd1a98) 
thrown [s\src\hotspot\share\prims\jni.cpp, line 520]
Event: 40.970 Thread 0x00000158e465b970 Exception <a 'sun/nio/fs/WindowsException'{0x00000000eeb15850}> (0x00000000eeb15850) 
thrown [s\src\hotspot\share\prims\jni.cpp, line 520]
Event: 40.970 Thread 0x00000158e465b970 Exception <a 'sun/nio/fs/WindowsException'{0x00000000eeb16f20}> (0x00000000eeb16f20) 
thrown [s\src\hotspot\share\prims\jni.cpp, line 520]
Event: 40.974 Thread 0x00000158e465b970 Exception <a 'sun/nio/fs/WindowsException'{0x00000000eeb5e3d0}> (0x00000000eeb5e3d0) 
thrown [s\src\hotspot\share\prims\jni.cpp, line 520]
Event: 40.974 Thread 0x00000158e465b970 Exception <a 'sun/nio/fs/WindowsException'{0x00000000eeb5fa70}> (0x00000000eeb5fa70) 
thrown [s\src\hotspot\share\prims\jni.cpp, line 520]
Event: 40.977 Thread 0x00000158e465b970 Exception <a 'sun/nio/fs/WindowsException'{0x00000000eeb8c6d0}> (0x00000000eeb8c6d0) 
thrown [s\src\hotspot\share\prims\jni.cpp, line 520]
Event: 40.977 Thread 0x00000158e465b970 Exception <a 'sun/nio/fs/WindowsException'{0x00000000eeb8dd60}> (0x00000000eeb8dd60) 
thrown [s\src\hotspot\share\prims\jni.cpp, line 520]
Event: 40.981 Thread 0x00000158e465b970 Exception <a 'sun/nio/fs/WindowsException'{0x00000000eea5d4a0}> (0x00000000eea5d4a0) 
thrown [s\src\hotspot\share\prims\jni.cpp, line 520]
Event: 40.983 Thread 0x00000158e465b970 Exception <a 'sun/nio/fs/WindowsException'{0x00000000eea5eb00}> (0x00000000eea5eb00) 
thrown [s\src\hotspot\share\prims\jni.cpp, line 520]
Event: 41.904 Thread 0x00000158e465b970 Implicit null exception at 0x00000158bd4918c7 to 0x00000158bd491f5c
Event: 41.985 Thread 0x00000158e465b970 Exception <a 'sun/nio/fs/WindowsException'{0x00000000ec732250}> (0x00000000ec732250) 
thrown [s\src\hotspot\share\prims\jni.cpp, line 520]
Event: 42.002 Thread 0x00000158e465b970 Exception <a 'sun/nio/fs/WindowsException'{0x00000000ec65e458}> (0x00000000ec65e458) 
thrown [s\src\hotspot\share\prims\jni.cpp, line 520]
Event: 42.022 Thread 0x00000158e465b970 Exception <a 'sun/nio/fs/WindowsException'{0x00000000ec4a2450}> (0x00000000ec4a2450) 
thrown [s\src\hotspot\share\prims\jni.cpp, line 520]
Event: 42.029 Thread 0x00000158e465b970 Exception <a 'sun/nio/fs/WindowsException'{0x00000000ec32f7b0}> (0x00000000ec32f7b0) 
thrown [s\src\hotspot\share\prims\jni.cpp, line 520]

ZGC Phase Switch (0 events):
No events

VM Operations (20 events):
Event: 38.149 Executing non-safepoint VM operation: HandshakeAllThreads (Deoptimize)
Event: 38.149 Executing non-safepoint VM operation: HandshakeAllThreads (Deoptimize) done
Event: 38.158 Executing non-safepoint VM operation: HandshakeAllThreads (Deoptimize)
Event: 38.159 Executing non-safepoint VM operation: HandshakeAllThreads (Deoptimize) done
Event: 38.163 Executing safepoint VM operation: ICBufferFull
Event: 38.163 Executing safepoint VM operation: ICBufferFull done
Event: 38.804 Executing non-safepoint VM operation: HandshakeAllThreads (Deoptimize)
Event: 38.805 Executing non-safepoint VM operation: HandshakeAllThreads (Deoptimize) done
Event: 39.493 Executing safepoint VM operation: ICBufferFull
Event: 39.493 Executing safepoint VM operation: ICBufferFull done
Event: 39.671 Executing non-safepoint VM operation: HandshakeAllThreads (Deoptimize)
Event: 39.671 Executing non-safepoint VM operation: HandshakeAllThreads (Deoptimize) done
Event: 39.751 Executing safepoint VM operation: ICBufferFull
Event: 39.751 Executing safepoint VM operation: ICBufferFull done
Event: 40.713 Executing safepoint VM operation: G1CollectForAllocation (G1 Evacuation Pause)
Event: 40.759 Executing safepoint VM operation: G1CollectForAllocation (G1 Evacuation Pause) done
Event: 40.940 Executing non-safepoint VM operation: HandshakeAllThreads (Deoptimize)
Event: 40.941 Executing non-safepoint VM operation: HandshakeAllThreads (Deoptimize) done
Event: 41.940 Executing safepoint VM operation: Cleanup
Event: 41.940 Executing safepoint VM operation: Cleanup done

Memory protections (0 events):
No events

Nmethod flushes (20 events):
Event: 13.902 Thread 0x00000158c793e1e0 flushing  nmethod 0x00000158b5623410
Event: 13.902 Thread 0x00000158c793e1e0 flushing  nmethod 0x00000158b5624310
Event: 13.902 Thread 0x00000158c793e1e0 flushing  nmethod 0x00000158b5638910
Event: 13.902 Thread 0x00000158c793e1e0 flushing  nmethod 0x00000158b563a490
Event: 13.902 Thread 0x00000158c793e1e0 flushing  nmethod 0x00000158b563db90
Event: 13.902 Thread 0x00000158c793e1e0 flushing  nmethod 0x00000158b563e610
Event: 13.902 Thread 0x00000158c793e1e0 flushing  nmethod 0x00000158b5640a10
Event: 13.902 Thread 0x00000158c793e1e0 flushing  nmethod 0x00000158b5643890
Event: 13.902 Thread 0x00000158c793e1e0 flushing  nmethod 0x00000158b56c9710
Event: 13.902 Thread 0x00000158c793e1e0 flushing  nmethod 0x00000158b570ae90
Event: 13.902 Thread 0x00000158c793e1e0 flushing  nmethod 0x00000158b578a110
Event: 13.902 Thread 0x00000158c793e1e0 flushing  nmethod 0x00000158b578bb90
Event: 13.902 Thread 0x00000158c793e1e0 flushing  nmethod 0x00000158b578d490
Event: 13.902 Thread 0x00000158c793e1e0 flushing  nmethod 0x00000158b5878210
Event: 13.902 Thread 0x00000158c793e1e0 flushing  nmethod 0x00000158b5898a90
Event: 13.902 Thread 0x00000158c793e1e0 flushing  nmethod 0x00000158b58f2110
Event: 13.902 Thread 0x00000158c793e1e0 flushing  nmethod 0x00000158b5984d90
Event: 13.902 Thread 0x00000158c793e1e0 flushing  nmethod 0x00000158b5a0da90
Event: 13.902 Thread 0x00000158c793e1e0 flushing  nmethod 0x00000158b5a0e390
Event: 13.902 Thread 0x00000158c793e1e0 flushing  nmethod 0x00000158b5a0ff10

Events (20 events):
Event: 21.571 Thread 0x00000158c796e0b0 Thread added: 0x00000158e4a3e540
Event: 25.277 Thread 0x00000158e2e7ae00 Thread added: 0x00000158e465da40
Event: 25.297 Thread 0x00000158e465da40 Thread added: 0x00000158e465b970
Event: 25.298 Thread 0x00000158e465da40 Thread added: 0x00000158e2662140
Event: 25.302 Thread 0x00000158e465da40 Thread added: 0x00000158e26627d0
Event: 25.383 Thread 0x00000158e465b970 Thread added: 0x00000158e2661ab0
Event: 26.129 Thread 0x00000158e465b970 Thread added: 0x00000158e2662e60
Event: 26.208 Thread 0x00000158e4a3e540 Thread exited: 0x00000158e4a3e540
Event: 26.573 Thread 0x00000158c797af80 Thread added: 0x00000158e4a3e540
Event: 26.918 Thread 0x00000158e4a3e540 Thread exited: 0x00000158e4a3e540
Event: 27.134 Thread 0x00000158c797af80 Thread added: 0x00000158e690f030
Event: 30.128 Thread 0x00000158e690f030 Thread exited: 0x00000158e690f030
Event: 30.343 Thread 0x00000158c797af80 Thread added: 0x00000158e690f030
Event: 36.818 Thread 0x00000158e465b970 Thread added: 0x00000158e6fe21b0
Event: 38.970 Thread 0x00000158e690f030 Thread exited: 0x00000158e690f030
Event: 39.679 Thread 0x00000158c797af80 Thread added: 0x00000158e4cb9db0
Event: 40.797 Thread 0x00000158e4cb9db0 Thread exited: 0x00000158e4cb9db0
Event: 40.838 Thread 0x00000158c797af80 Thread added: 0x00000158e4cb9db0
Event: 41.812 Thread 0x00000158e4cb9db0 Thread exited: 0x00000158e4cb9db0
Event: 41.956 Thread 0x00000158c797af80 Thread added: 0x00000158e4cb9db0


Dynamic libraries:
0x00007ff764090000 - 0x00007ff76409e000 	C:\Users\Administrator\.jdks\ms-21.0.10\bin\java.exe
0x00007ffc48e80000 - 0x00007ffc4906f000 	C:\Windows\SYSTEM32\ntdll.dll
0x00007ffc478b0000 - 0x00007ffc47963000 	C:\Windows\System32\KERNEL32.DLL
0x00007ffc44f00000 - 0x00007ffc4519d000 	C:\Windows\System32\KERNELBASE.dll
0x00007ffc45360000 - 0x00007ffc4545a000 	C:\Windows\System32\ucrtbase.dll
0x00007ffc3a9a0000 - 0x00007ffc3a9be000 	C:\Users\Administrator\.jdks\ms-21.0.10\bin\VCRUNTIME140.dll
0x00007ffc376d0000 - 0x00007ffc376e8000 	C:\Users\Administrator\.jdks\ms-21.0.10\bin\jli.dll
0x00007ffc47710000 - 0x00007ffc478a8000 	C:\Windows\System32\USER32.dll
0x00007ffc451a0000 - 0x00007ffc451c0000 	C:\Windows\System32\win32u.dll
0x00007ffc48870000 - 0x00007ffc48899000 	C:\Windows\System32\GDI32.dll
0x00007ffc45cf0000 - 0x00007ffc45e96000 	C:\Windows\System32\gdi32full.dll
0x00007ffc35b60000 - 0x00007ffc35dd9000 	C:\Windows\WinSxS\amd64_microsoft.windows.common-controls_6595b64144ccf1df_6.0.17763.4737_none_de704896534c368b\COMCTL32.dll
0x00007ffc452c0000 - 0x00007ffc45360000 	C:\Windows\System32\msvcp_win.dll
0x00007ffc46110000 - 0x00007ffc461ae000 	C:\Windows\System32\msvcrt.dll
0x00007ffc47e30000 - 0x00007ffc4815b000 	C:\Windows\System32\combase.dll
0x00007ffc48ba0000 - 0x00007ffc48cbe000 	C:\Windows\System32\RPCRT4.dll
0x00007ffc45460000 - 0x00007ffc454e2000 	C:\Windows\System32\bcryptPrimitives.dll
0x00007ffc48cc0000 - 0x00007ffc48cee000 	C:\Windows\System32\IMM32.DLL
0x0000000062f90000 - 0x0000000062f9d000 	C:\Program Files (x86)\360\Total Security\safemon\SafeWrapper.dll
0x00007ffc481e0000 - 0x00007ffc48287000 	C:\Windows\System32\ADVAPI32.dll
0x00007ffc488a0000 - 0x00007ffc4893f000 	C:\Windows\System32\sechost.dll
0x00007ffc43a80000 - 0x00007ffc43b85000 	C:\Program Files (x86)\360\Total Security\safemon\libzdtp64.dll
0x00007ffc46210000 - 0x00007ffc47708000 	C:\Windows\System32\SHELL32.dll
0x00007ffc45270000 - 0x00007ffc452ba000 	C:\Windows\System32\cfgmgr32.dll
0x00007ffc48290000 - 0x00007ffc48337000 	C:\Windows\System32\shcore.dll
0x00007ffc45550000 - 0x00007ffc45c97000 	C:\Windows\System32\windows.storage.dll
0x00007ffc44e70000 - 0x00007ffc44e93000 	C:\Windows\System32\profapi.dll
0x00007ffc44ea0000 - 0x00007ffc44efd000 	C:\Windows\System32\powrprof.dll
0x00007ffc47dc0000 - 0x00007ffc47e12000 	C:\Windows\System32\shlwapi.dll
0x00007ffc44e50000 - 0x00007ffc44e61000 	C:\Windows\System32\kernel.appcore.dll
0x00007ffc45ca0000 - 0x00007ffc45cbb000 	C:\Windows\System32\cryptsp.dll
0x00007ffc44920000 - 0x00007ffc4492a000 	C:\Windows\SYSTEM32\VERSION.dll
0x00007ffc36a20000 - 0x00007ffc36a2c000 	C:\Users\Administrator\.jdks\ms-21.0.10\bin\vcruntime140_1.dll
0x00007ffc2ae20000 - 0x00007ffc2aea9000 	C:\Users\Administrator\.jdks\ms-21.0.10\bin\msvcp140.dll
0x00007ffbd8e90000 - 0x00007ffbd9c3d000 	C:\Users\Administrator\.jdks\ms-21.0.10\bin\server\jvm.dll
0x00007ffc48940000 - 0x00007ffc489ad000 	C:\Windows\System32\WS2_32.dll
0x00007ffc41630000 - 0x00007ffc41654000 	C:\Windows\SYSTEM32\WINMM.dll
0x00007ffc41600000 - 0x00007ffc4162d000 	C:\Windows\SYSTEM32\winmmbase.dll
0x00007ffc36a10000 - 0x00007ffc36a1a000 	C:\Users\Administrator\.jdks\ms-21.0.10\bin\jimage.dll
0x00007ffc42f40000 - 0x00007ffc4312d000 	C:\Windows\SYSTEM32\DBGHELP.DLL
0x00007ffc31370000 - 0x00007ffc3139a000 	C:\Windows\SYSTEM32\dbgcore.DLL
0x00007ffc36490000 - 0x00007ffc364a0000 	C:\Users\Administrator\.jdks\ms-21.0.10\bin\instrument.dll
0x00007ffc33c90000 - 0x00007ffc33cb1000 	C:\Users\Administrator\.jdks\ms-21.0.10\bin\java.dll
0x00007ffbed350000 - 0x00007ffbed426000 	C:\Users\Administrator\.jdks\ms-21.0.10\bin\jsvml.dll
0x00007ffc309d0000 - 0x00007ffc309e8000 	C:\Users\Administrator\.jdks\ms-21.0.10\bin\zip.dll
0x00007ffc301b0000 - 0x00007ffc301c1000 	C:\Users\Administrator\.jdks\ms-21.0.10\bin\net.dll
0x00007ffc3c450000 - 0x00007ffc3c54d000 	C:\Windows\SYSTEM32\WINHTTP.dll
0x00007ffc445b0000 - 0x00007ffc44617000 	C:\Windows\system32\mswsock.dll
0x00007ffc2fba0000 - 0x00007ffc2fbb6000 	C:\Users\Administrator\.jdks\ms-21.0.10\bin\nio.dll
0x00007ffc36480000 - 0x00007ffc36490000 	C:\Users\Administrator\.jdks\ms-21.0.10\bin\verify.dll
0x00007ffc28c00000 - 0x00007ffc28c27000 	C:\Users\Administrator\.gradle\native\660c5614fbf4a5f2a75b1949f50a0caf5cd603558e7d8a26e50b933a0cfb79d1\windows-amd64\native-platform.dll
0x00007ffc23d90000 - 0x00007ffc23e07000 	C:\Users\Administrator\.gradle\native\0.2.8\x86_64-windows-gnu\gradle-fileevents.dll
0x00007ffc355b0000 - 0x00007ffc355ba000 	C:\Users\Administrator\.jdks\ms-21.0.10\bin\management.dll
0x00007ffc354c0000 - 0x00007ffc354cc000 	C:\Users\Administrator\.jdks\ms-21.0.10\bin\management_ext.dll
0x00007ffc489b0000 - 0x00007ffc489b8000 	C:\Windows\System32\PSAPI.DLL
0x00007ffc442c0000 - 0x00007ffc442fd000 	C:\Windows\SYSTEM32\IPHLPAPI.DLL
0x00007ffc48b90000 - 0x00007ffc48b98000 	C:\Windows\System32\NSI.dll
0x00007ffc35400000 - 0x00007ffc35409000 	C:\Users\Administrator\.jdks\ms-21.0.10\bin\extnet.dll
0x00007ffc44130000 - 0x00007ffc44163000 	C:\Windows\system32\rsaenh.dll
0x00007ffc45cc0000 - 0x00007ffc45ce6000 	C:\Windows\System32\bcrypt.dll
0x00007ffc44d60000 - 0x00007ffc44d89000 	C:\Windows\SYSTEM32\USERENV.dll
0x00007ffc44780000 - 0x00007ffc4478c000 	C:\Windows\SYSTEM32\CRYPTBASE.dll
0x00007ffc34390000 - 0x00007ffc3439e000 	C:\Users\Administrator\.jdks\ms-21.0.10\bin\sunmscapi.dll
0x00007ffc45ea0000 - 0x00007ffc460a4000 	C:\Windows\System32\CRYPT32.dll
0x00007ffc44e30000 - 0x00007ffc44e42000 	C:\Windows\System32\MSASN1.dll
0x00007ffc448e0000 - 0x00007ffc4490c000 	C:\Windows\SYSTEM32\ncrypt.dll
0x00007ffc448a0000 - 0x00007ffc448dc000 	C:\Windows\SYSTEM32\NTASN1.dll
0x00007ffc40330000 - 0x00007ffc40337000 	C:\Windows\system32\wshunix.dll

JVMTI agents:
C:\Users\Administrator\.gradle\wrapper\dists\gradle-9.7.1-bin\1w1c7tv4s851m17nbqdsro2tv\gradle-9.7.1\lib\agents\gradle-instrumentation-agent-9.7.1.jar path:C:\Users\Administrator\.jdks\ms-21.0.10\bin\instrument.dll, loaded, initialized, instrumentlib options:none

dbghelp: loaded successfully - version: 4.0.5 - missing functions: none
symbol engine: initialized successfully - sym options: 0x614 - pdb path: .;C:\Users\Administrator\.jdks\ms-21.0.10\bin;C:\Windows\SYSTEM32;C:\Windows\WinSxS\amd64_microsoft.windows.common-controls_6595b64144ccf1df_6.0.17763.4737_none_de704896534c368b;C:\Program Files (x86)\360\Total Security\safemon;C:\Users\Administrator\.jdks\ms-21.0.10\bin\server;C:\Users\Administrator\.gradle\native\660c5614fbf4a5f2a75b1949f50a0caf5cd603558e7d8a26e50b933a0cfb79d1\windows-amd64;C:\Users\Administrator\.gradle\native\0.2.8\x86_64-windows-gnu

VM Arguments:
jvm_args: --add-opens=java.base/java.lang=ALL-UNNAMED --add-opens=java.base/java.lang.invoke=ALL-UNNAMED --add-opens=java.base/java.util=ALL-UNNAMED --add-opens=java.prefs/java.util.prefs=ALL-UNNAMED --add-exports=jdk.compiler/com.sun.tools.javac.api=ALL-UNNAMED --add-exports=jdk.compiler/com.sun.tools.javac.util=ALL-UNNAMED --add-opens=java.base/java.nio.charset=ALL-UNNAMED --add-opens=java.base/java.net=ALL-UNNAMED --add-opens=java.base/java.util.concurrent=ALL-UNNAMED --add-opens=java.base/java.util.concurrent.atomic=ALL-UNNAMED --add-opens=java.xml/javax.xml.namespace=ALL-UNNAMED --add-opens=java.base/java.time=ALL-UNNAMED -XX:MaxMetaspaceSize=384m -XX:+HeapDumpOnOutOfMemoryError -Xms256m -Xmx512m -Dfile.encoding=UTF-8 -Duser.country=US -Duser.language=en -Duser.variant -javaagent:C:\Users\Administrator\.gradle\wrapper\dists\gradle-9.7.1-bin\1w1c7tv4s851m17nbqdsro2tv\gradle-9.7.1\lib\agents\gradle-instrumentation-agent-9.7.1.jar 
java_command: org.gradle.launcher.daemon.bootstrap.GradleDaemon 9.7.1
java_class_path (initial): C:\Users\Administrator\.gradle\wrapper\dists\gradle-9.7.1-bin\1w1c7tv4s851m17nbqdsro2tv\gradle-9.7.1\lib\gradle-daemon-main-9.7.1.jar
Launcher Type: SUN_STANDARD

[Global flags]
     intx CICompilerCount                          = 3                                         {product} {ergonomic}
   size_t CompressedClassSpaceSize                 = 335544320                                 {product} {ergonomic}
     uint ConcGCThreads                            = 1                                         {product} {ergonomic}
     uint G1ConcRefinementThreads                  = 4                                         {product} {ergonomic}
   size_t G1HeapRegionSize                         = 1048576                                   {product} {ergonomic}
    uintx GCDrainStackTargetSize                   = 64                                        {product} {ergonomic}
     bool HeapDumpOnOutOfMemoryError               = true                                   {manageable} {command line}
   size_t InitialHeapSize                          = 268435456                                 {product} {command line}
   size_t MarkStackSize                            = 4194304                                   {product} {ergonomic}
   size_t MaxHeapSize                              = 536870912                                 {product} {command line}
   size_t MaxMetaspaceSize                         = 402653184                                 {product} {command line}
   size_t MaxNewSize                               = 321912832                                 {product} {ergonomic}
   size_t MinHeapDeltaBytes                        = 1048576                                   {product} {ergonomic}
   size_t MinHeapSize                              = 268435456                                 {product} {command line}
    uintx NonNMethodCodeHeapSize                   = 5832780                                {pd product} {ergonomic}
    uintx NonProfiledCodeHeapSize                  = 122912730                              {pd product} {ergonomic}
    uintx ProfiledCodeHeapSize                     = 122912730                              {pd product} {ergonomic}
    uintx ReservedCodeCacheSize                    = 251658240                              {pd product} {ergonomic}
     bool SegmentedCodeCache                       = true                                      {product} {ergonomic}
   size_t SoftMaxHeapSize                          = 536870912                              {manageable} {ergonomic}
     bool UseCompressedOops                        = true                           {product lp64_product} {ergonomic}
     bool UseG1GC                                  = true                                      {product} {ergonomic}
     bool UseLargePagesIndividualAllocation        = false                                  {pd product} {ergonomic}

Logging:
Log output configuration:
 #0: stdout all=warning uptime,level,tags foldmultilines=false
 #1: stderr all=off uptime,level,tags foldmultilines=false

Release file:
IMPLEMENTOR="Microsoft" 
IMPLEMENTOR_VERSION="Microsoft-13106404" 
JAVA_RUNTIME_VERSION="21.0.10+7-LTS" 
JAVA_VERSION="21.0.10" 
JAVA_VERSION_DATE="2026-01-20" 
LIBC="default" 
MODULES="java.base java.compiler java.datatransfer java.xml java.prefs java.desktop java.instrument java.logging java.management java.security.sasl java.naming java.rmi java.management.rmi java.net.http java.scripting java.security.jgss java.transaction.xa java.sql java.sql.rowset java.xml.crypto java.se java.smartcardio jdk.accessibility jdk.internal.jvmstat jdk.attach jdk.charsets jdk.internal.opt jdk.zipfs jdk.compiler jdk.crypto.ec jdk.crypto.cryptoki jdk.crypto.mscapi jdk.dynalink jdk.internal.ed jdk.editpad jdk.hotspot.agent jdk.httpserver jdk.incubator.vector jdk.internal.le jdk.internal.vm.ci jdk.internal.vm.compiler jdk.internal.vm.compiler.management jdk.jartool jdk.javadoc jdk.jcmd jdk.management jdk.management.agent jdk.jconsole jdk.jdeps jdk.jdwp.agent jdk.jdi jdk.jfr jdk.jlink jdk.jpackage jdk.jshell jdk.jsobject jdk.jstatd jdk.localedata jdk.management.jfr jdk.naming.dns jdk.naming.rmi jdk.net jdk.nio.mapmode jdk.random jdk.sctp jdk.security.auth jdk.security.jgss jdk.unsupported jdk.unsupported.desktop jdk.xml.dom" 
OS_ARCH="x86_64" 
OS_NAME="Windows" 
SOURCE=".:git:e69b6ef7382e" 

Environment Variables:
PATH=C:\Users\Administrator\Downloads\gradle-9.4.1-bin\gradle-9.4.1\bin;C:\Users\Administrator\AppData\Local\Programs\Python\Python311\Scripts;C:\Program Files\Microsoft MPI\Bin\;C:\Program Files (x86)\VMware\VMware Workstation\bin\;C:\Program Files\Common Files\Oracle\Java\javapath;C:\Windows\system32;C:\Windows;C:\Windows\System32\Wbem;C:\Windows\System32\WindowsPowerShell\v1.0\;C:\Windows\System32\OpenSSH\;C:\FPC\3.2.2\bin\i386-Win32;C:\Program Files\Cloudflare\Cloudflare WARP\;C:\Program Files (x86)\Microsoft SQL Server\160\Tools\Binn\;C:\Program Files\Microsoft SQL Server\160\Tools\Binn\;C:\Program Files\Microsoft SQL Server\Client SDK\ODBC\170\Tools\Binn\;C:\Program Files\Microsoft SQL Server\160\DTS\Binn\;C:\Program Files (x86)\Microsoft SQL Server\160\DTS\Binn\;C:\Program Files\Git\cmd;C:\Program Files\Microsoft VS Code\bin;C:\Program Files\nodejs\;C:\Users\Administrator\AppData\Local\Microsoft\WindowsApps;C:\Users\Administrator\Downloads\Microsoft VS Code\bin;C:\Program Files\JetBrains\WebStorm 2025.3\bin;C:\Users\Administrator\AppData\Local\GitHubDesktop\bin;C:\Users\Administrator\AppData\Local\Kingsoft\WPS Office\12.1.0.27458\clitool;C:\Users\Administrator\AppData\Roaming\npm
USERNAME=Administrator
OS=Windows_NT
PROCESSOR_IDENTIFIER=Intel64 Family 6 Model 61 Stepping 4, GenuineIntel
TMP=C:\Users\ADMINI~1\AppData\Local\Temp
TEMP=C:\Users\ADMINI~1\AppData\Local\Temp




Periodic native trim disabled

---------------  S Y S T E M  ---------------

OS:
 Windows 10 , 64 bit Build 17763 (10.0.17763.4720)
OS uptime: 20 days 4:58 hours

CPU: total 4 (initial active 4) (2 cores per cpu, 2 threads per core) family 6 model 61 stepping 4 microcode 0x2f, cx8, cmov, fxsr, ht, mmx, 3dnowpref, sse, sse2, sse3, ssse3, sse4.1, sse4.2, popcnt, lzcnt, tsc, tscinvbit, avx, avx2, aes, erms, clmul, bmi1, bmi2, rtm, adx, fma, vzeroupper, clflush, rdtscp, f16c
Processor Information for the first 4 processors :
  Max Mhz: 2594, Current Mhz: 498, Mhz Limit: 492

Memory: 4k page, system-wide physical 8064M (2515M free)
TotalPageFile size 16256M (AvailPageFile size 8M)
current process WorkingSet (physical memory assigned to process): 536M, peak: 538M
current process commit charge ("private bytes"): 568M, peak: 571M

vm_info: OpenJDK 64-Bit Server VM (21.0.10+7-LTS) for windows-amd64 JRE (21.0.10+7-LTS), built on 2026-01-15T18:39:42Z by "MicrosoftCorporation" with MS VC++ 17.14 (VS2022)

END.
